Archive member included to satisfy reference by file (symbol)

d:/mounriver/mounriver_studio2/resources/app/resources/win32/components/wch/toolchain/risc-v embedded gcc/bin/../lib/gcc/riscv-none-embed/8.2.0/../../../../riscv-none-embed/lib/rv32imacxw/ilp32\libg_nano.a(lib_a-memcpy.o)
                              ./User/ch32v30x_usbfs_device.o (memcpy)
d:/mounriver/mounriver_studio2/resources/app/resources/win32/components/wch/toolchain/risc-v embedded gcc/bin/../lib/gcc/riscv-none-embed/8.2.0/../../../../riscv-none-embed/lib/rv32imacxw/ilp32\libg_nano.a(lib_a-memset.o)
                              ./User/usbd_compostie_km.o (memset)
d:/mounriver/mounriver_studio2/resources/app/resources/win32/components/wch/toolchain/risc-v embedded gcc/bin/../lib/gcc/riscv-none-embed/8.2.0/../../../../riscv-none-embed/lib/rv32imacxw/ilp32\libg_nano.a(lib_a-printf.o)
                              ./User/main.o (printf)
d:/mounriver/mounriver_studio2/resources/app/resources/win32/components/wch/toolchain/risc-v embedded gcc/bin/../lib/gcc/riscv-none-embed/8.2.0/../../../../riscv-none-embed/lib/rv32imacxw/ilp32\libg_nano.a(lib_a-puts.o)
                              ./User/main.o (puts)
d:/mounriver/mounriver_studio2/resources/app/resources/win32/components/wch/toolchain/risc-v embedded gcc/bin/../lib/gcc/riscv-none-embed/8.2.0/../../../../riscv-none-embed/lib/rv32imacxw/ilp32\libg_nano.a(lib_a-wbuf.o)
                              d:/mounriver/mounriver_studio2/resources/app/resources/win32/components/wch/toolchain/risc-v embedded gcc/bin/../lib/gcc/riscv-none-embed/8.2.0/../../../../riscv-none-embed/lib/rv32imacxw/ilp32\libg_nano.a(lib_a-puts.o) (__swbuf_r)
d:/mounriver/mounriver_studio2/resources/app/resources/win32/components/wch/toolchain/risc-v embedded gcc/bin/../lib/gcc/riscv-none-embed/8.2.0/../../../../riscv-none-embed/lib/rv32imacxw/ilp32\libg_nano.a(lib_a-wsetup.o)
                              d:/mounriver/mounriver_studio2/resources/app/resources/win32/components/wch/toolchain/risc-v embedded gcc/bin/../lib/gcc/riscv-none-embed/8.2.0/../../../../riscv-none-embed/lib/rv32imacxw/ilp32\libg_nano.a(lib_a-puts.o) (__swsetup_r)
d:/mounriver/mounriver_studio2/resources/app/resources/win32/components/wch/toolchain/risc-v embedded gcc/bin/../lib/gcc/riscv-none-embed/8.2.0/../../../../riscv-none-embed/lib/rv32imacxw/ilp32\libg_nano.a(lib_a-fflush.o)
                              d:/mounriver/mounriver_studio2/resources/app/resources/win32/components/wch/toolchain/risc-v embedded gcc/bin/../lib/gcc/riscv-none-embed/8.2.0/../../../../riscv-none-embed/lib/rv32imacxw/ilp32\libg_nano.a(lib_a-wbuf.o) (_fflush_r)
d:/mounriver/mounriver_studio2/resources/app/resources/win32/components/wch/toolchain/risc-v embedded gcc/bin/../lib/gcc/riscv-none-embed/8.2.0/../../../../riscv-none-embed/lib/rv32imacxw/ilp32\libg_nano.a(lib_a-findfp.o)
                              d:/mounriver/mounriver_studio2/resources/app/resources/win32/components/wch/toolchain/risc-v embedded gcc/bin/../lib/gcc/riscv-none-embed/8.2.0/../../../../riscv-none-embed/lib/rv32imacxw/ilp32\libg_nano.a(lib_a-printf.o) (__sinit)
d:/mounriver/mounriver_studio2/resources/app/resources/win32/components/wch/toolchain/risc-v embedded gcc/bin/../lib/gcc/riscv-none-embed/8.2.0/../../../../riscv-none-embed/lib/rv32imacxw/ilp32\libg_nano.a(lib_a-fwalk.o)
                              d:/mounriver/mounriver_studio2/resources/app/resources/win32/components/wch/toolchain/risc-v embedded gcc/bin/../lib/gcc/riscv-none-embed/8.2.0/../../../../riscv-none-embed/lib/rv32imacxw/ilp32\libg_nano.a(lib_a-findfp.o) (_fwalk)
d:/mounriver/mounriver_studio2/resources/app/resources/win32/components/wch/toolchain/risc-v embedded gcc/bin/../lib/gcc/riscv-none-embed/8.2.0/../../../../riscv-none-embed/lib/rv32imacxw/ilp32\libg_nano.a(lib_a-impure.o)
                              d:/mounriver/mounriver_studio2/resources/app/resources/win32/components/wch/toolchain/risc-v embedded gcc/bin/../lib/gcc/riscv-none-embed/8.2.0/../../../../riscv-none-embed/lib/rv32imacxw/ilp32\libg_nano.a(lib_a-fflush.o) (_global_impure_ptr)
d:/mounriver/mounriver_studio2/resources/app/resources/win32/components/wch/toolchain/risc-v embedded gcc/bin/../lib/gcc/riscv-none-embed/8.2.0/../../../../riscv-none-embed/lib/rv32imacxw/ilp32\libg_nano.a(lib_a-makebuf.o)
                              d:/mounriver/mounriver_studio2/resources/app/resources/win32/components/wch/toolchain/risc-v embedded gcc/bin/../lib/gcc/riscv-none-embed/8.2.0/../../../../riscv-none-embed/lib/rv32imacxw/ilp32\libg_nano.a(lib_a-wsetup.o) (__smakebuf_r)
d:/mounriver/mounriver_studio2/resources/app/resources/win32/components/wch/toolchain/risc-v embedded gcc/bin/../lib/gcc/riscv-none-embed/8.2.0/../../../../riscv-none-embed/lib/rv32imacxw/ilp32\libg_nano.a(lib_a-nano-freer.o)
[...]
Memory Configuration

Name             Origin             Length             Attributes
FLASH            0x0000000000000000 0x0000000000048000 xr
RAM              0x0000000020000000 0x0000000000008000 xrw
*default*        0x0000000000000000 0xffffffffffffffff

Linker script and memory map

LOAD ./User/ch32v30x_it.o
LOAD ./User/ch32v30x_usbfs_device.o
LOAD ./User/main.o
LOAD ./User/system_ch32v30x.o
LOAD ./User/usbd_compostie_km.o
LOAD ./User/usbd_desc.o
LOAD ./Startup/startup_ch32v30x_D8C.o
LOAD ./Peripheral/src/ch32v30x_adc.o
LOAD ./Peripheral/src/ch32v30x_bkp.o
LOAD ./Peripheral/src/ch32v30x_can.o
LOAD ./Peripheral/src/ch32v30x_crc.o
LOAD ./Peripheral/src/ch32v30x_dac.o
LOAD ./Peripheral/src/ch32v30x_dbgmcu.o
LOAD ./Peripheral/src/ch32v30x_dma.o
LOAD ./Peripheral/src/ch32v30x_dvp.o
LOAD ./Peripheral/src/ch32v30x_eth.o
LOAD ./Peripheral/src/ch32v30x_exti.o
LOAD ./Peripheral/src/ch32v30x_flash.o
LOAD ./Peripheral/src/ch32v30x_fsmc.o
LOAD ./Peripheral/src/ch32v30x_gpio.o
LOAD ./Peripheral/src/ch32v30x_i2c.o
LOAD ./Peripheral/src/ch32v30x_iwdg.o
LOAD ./Peripheral/src/ch32v30x_misc.o
LOAD ./Peripheral/src/ch32v30x_opa.o
LOAD ./Peripheral/src/ch32v30x_pwr.o
LOAD ./Peripheral/src/ch32v30x_rcc.o
LOAD ./Peripheral/src/ch32v30x_rng.o
LOAD ./Peripheral/src/ch32v30x_rtc.o
LOAD ./Peripheral/src/ch32v30x_sdio.o
LOAD ./Peripheral/src/ch32v30x_spi.o
LOAD ./Peripheral/src/ch32v30x_tim.o
LOAD ./Peripheral/src/ch32v30x_usart.o
LOAD ./Peripheral/src/ch32v30x_wwdg.o
LOAD ./Debug/debug.o
LOAD ./Core/core_riscv.o
LOAD d:/mounriver/mounriver_studio2/resources/app/resources/win32/components/wch/toolchain/risc-v embedded gcc/bin/../lib/gcc/riscv-none-embed/8.2.0/../../../../riscv-none-embed/lib/rv32imacxw/ilp32\libm.a
LOAD d:/mounriver/mounriver_studio2/resources/app/resources/win32/components/wch/toolchain/risc-v embedded gcc/bin/../lib/gcc/riscv-none-embed/8.2.0/rv32imacxw/ilp32\libgcc.a
LOAD d:/mounriver/mounriver_studio2/resources/app/resources/win32/components/wch/toolchain/risc-v embedded gcc/bin/../lib/gcc/riscv-none-embed/8.2.0/../../../../riscv-none-embed/lib/rv32imacxw/ilp32\libg_nano.a
LOAD d:/mounriver/mounriver_studio2/resources/app/resources/win32/components/wch/toolchain/risc-v embedded gcc/bin/../lib/gcc/riscv-none-embed/8.2.0/../../../../riscv-none-embed/lib/rv32imacxw/ilp32\libc_nano.a
LOAD d:/mounriver/mounriver_studio2/resources/app/resources/win32/components/wch/toolchain/risc-v embedded gcc/bin/../lib/gcc/riscv-none-embed/8.2.0/rv32imacxw/ilp32\libgcc.a
START GROUP
LOAD d:/mounriver/mounriver_studio2/resources/app/resources/win32/components/wch/toolchain/risc-v embedded gcc/bin/../lib/gcc/riscv-none-embed/8.2.0/rv32imacxw/ilp32\libgcc.a
LOAD d:/mounriver/mounriver_studio2/resources/app/resources/win32/components/wch/toolchain/risc-v embedded gcc/bin/../lib/gcc/riscv-none-embed/8.2.0/../../../../riscv-none-embed/lib/rv32imacxw/ilp32\libc_nano.a
LOAD d:/mounriver/mounriver_studio2/resources/app/resources/win32/components/wch/toolchain/risc-v embedded gcc/bin/../lib/gcc/riscv-none-embed/8.2.0/../../../../riscv-none-embed/lib/rv32imacxw/ilp32\libnosys.a
END GROUP
START GROUP
LOAD d:/mounriver/mounriver_studio2/resources/app/resources/win32/components/wch/toolchain/risc-v embedded gcc/bin/../lib/gcc/riscv-none-embed/8.2.0/rv32imacxw/ilp32\libgcc.a
LOAD d:/mounriver/mounriver_studio2/resources/app/resources/win32/components/wch/toolchain/risc-v embedded gcc/bin/../lib/gcc/riscv-none-embed/8.2.0/../../../../riscv-none-embed/lib/rv32imacxw/ilp32\libc_nano.a
LOAD d:/mounriver/mounriver_studio2/resources/app/resources/win32/components/wch/toolchain/risc-v embedded gcc/bin/../lib/gcc/riscv-none-embed/8.2.0/../../../../riscv-none-embed/lib/rv32imacxw/ilp32\libnosys.a
END GROUP
                0x0000000000000800                __stack_size = 0x800
                [!provide]                        PROVIDE (_stack_size = __stack_size)

.init           0x0000000000000000        0x4
                0x0000000000000000                _sinit = .
                0x0000000000000000                . = ALIGN (0x4)
 *(SORT_NONE(.init))
 .init          0x0000000000000000        0x4 ./Startup/startup_ch32v30x_D8C.o
                0x0000000000000000                _start
                0x0000000000000004                . = ALIGN (0x4)
                0x0000000000000004                _einit = .

.vector         0x0000000000000004      0x1bc
 *(.vector)
 .vector        0x0000000000000004      0x1a0 ./Startup/startup_ch32v30x_D8C.o
                0x00000000000001c0                . = ALIGN (0x40)
 *fill*         0x00000000000001a4       0x1c 

.text           0x00000000000001c0     0x4dd4
                0x00000000000001c0                . = ALIGN (0x4)
 *(.text)
 .text          0x00000000000001c0       0xa8 d:/mounriver/mounriver_studio2/resources/app/resources/win32/components/wch/toolchain/risc-v embedded gcc/bin/../lib/gcc/riscv-none-embed/8.2.0/../../../../riscv-none-embed/lib/rv32imacxw/ilp32\libg_nano.a(lib_a-memset.o)
                0x00000000000001c0                memset
 *(.text.*)
 .text.NMI_Handler
                0x0000000000000268        0x8 ./User/ch32v30x_it.o
                0x0000000000000268                NMI_Handler
 .text.HardFault_Handler
                0x0000000000000270       0x16 ./User/ch32v30x_it.o
                0x0000000000000270                HardFault_Handler
 .text.USBFS_RCC_Init
                0x0000000000000286       0x44 ./User/ch32v30x_usbfs_device.o
                0x0000000000000286                USBFS_RCC_Init
 .text.USBFS_Device_Endp_Init
                0x00000000000002ca       0x8c ./User/ch32v30x_usbfs_device.o
                0x00000000000002ca                USBFS_Device_Endp_Init
 .text.USBFS_Device_Init
                0x0000000000000356       0xbc ./User/ch32v30x_usbfs_device.o
                0x0000000000000356                USBFS_Device_Init
 .text.USBFS_Endp_DataUp
                0x0000000000000412      0x270 ./User/ch32v30x_usbfs_device.o
                0x0000000000000412                USBFS_Endp_DataUp
 .text.USBFS_IRQHandler
                0x0000000000000682      0xae8 ./User/ch32v30x_usbfs_device.o
                0x0000000000000682                USBFS_IRQHandler
 .text.USBFS_Send_Resume
                0x000000000000116a       0x4e ./User/ch32v30x_usbfs_device.o
                0x000000000000116a                USBFS_Send_Resume
 .text.main     0x00000000000011b8       0xd8 ./User/main.o
                0x00000000000011b8                main
 .text.SystemInit
                0x0000000000001290       0x98 ./User/system_ch32v30x.o
                0x0000000000001290                SystemInit
 .text.SystemCoreClockUpdate
                0x0000000000001328      0x1ce ./User/system_ch32v30x.o
                0x0000000000001328                SystemCoreClockUpdate
 .text.SetSysClock
                0x00000000000014f6       0x14 ./User/system_ch32v30x.o
 .text.SetSysClockTo96_HSE
                0x000000000000150a      0x114 ./User/system_ch32v30x.o
 .text.TIM3_Init
                0x000000000000161e       0xa8 ./User/usbd_compostie_km.o
                0x000000000000161e                TIM3_Init
 .text.TIM3_IRQHandler
                0x00000000000016c6       0x52 ./User/usbd_compostie_km.o
                0x00000000000016c6                TIM3_IRQHandler
 .text.USART2_Init
                0x0000000000001718      0x102 ./User/usbd_compostie_km.o
                0x0000000000001718                USART2_Init
 .text.USART2_IRQHandler
                0x000000000000181a       0x3a ./User/usbd_compostie_km.o
                0x000000000000181a                USART2_IRQHandler
 .text.USART2_Receive_Handle
                0x0000000000001854      0x10e ./User/usbd_compostie_km.o
                0x0000000000001854                USART2_Receive_Handle
 .text.KB_Scan_Init
                0x0000000000001962       0x4c ./User/usbd_compostie_km.o
                0x0000000000001962                KB_Scan_Init
 .text.KB_Sleep_Wakeup_Cfg
                0x00000000000019ae       0xea ./User/usbd_compostie_km.o
                0x00000000000019ae                KB_Sleep_Wakeup_Cfg
 .text.KB_Scan  0x0000000000001a98       0x96 ./User/usbd_compostie_km.o
                0x0000000000001a98                KB_Scan
 .text.KB_Scan_Handle
                0x0000000000001b2e      0x2a4 ./User/usbd_compostie_km.o
                0x0000000000001b2e                KB_Scan_Handle
 .text.KB_LED_Handle
                0x0000000000001dd2       0xe6 ./User/usbd_compostie_km.o
                0x0000000000001dd2                KB_LED_Handle
 .text.MS_Scan_Init
                0x0000000000001eb8       0x4c ./User/usbd_compostie_km.o
                0x0000000000001eb8                MS_Scan_Init
 .text.MS_Sleep_Wakeup_Cfg
                0x0000000000001f04       0xe8 ./User/usbd_compostie_km.o
                0x0000000000001f04                MS_Sleep_Wakeup_Cfg
 .text.MS_Scan  0x0000000000001fec       0x82 ./User/usbd_compostie_km.o
                0x0000000000001fec                MS_Scan
 .text.MS_Scan_Handle
                0x000000000000206e      0x106 ./User/usbd_compostie_km.o
                0x000000000000206e                MS_Scan_Handle
 .text.USB_Sleep_Wakeup_CFG
                0x0000000000002174       0x44 ./User/usbd_compostie_km.o
                0x0000000000002174                USB_Sleep_Wakeup_CFG
 .text.MCU_Sleep_Wakeup_Operate
                0x00000000000021b8       0x7c ./User/usbd_compostie_km.o
                0x00000000000021b8                MCU_Sleep_Wakeup_Operate
 .text.vector_handler
                0x0000000000002234        0x2 ./Startup/startup_ch32v30x_D8C.o
                0x0000000000002234                EXTI2_IRQHandler
                0x0000000000002234                TIM8_TRG_COM_IRQHandler
                0x0000000000002234                TIM8_CC_IRQHandler
                0x0000000000002234                UART8_IRQHandler
                0x0000000000002234                TIM1_CC_IRQHandler
                0x0000000000002234                TIM6_IRQHandler
                0x0000000000002234                SysTick_Handler
                0x0000000000002234                PVD_IRQHandler
                0x0000000000002234                SDIO_IRQHandler
                0x0000000000002234                TIM9_BRK_IRQHandler
                0x0000000000002234                DMA2_Channel8_IRQHandler
                0x0000000000002234                CAN2_RX1_IRQHandler
                0x0000000000002234                EXTI3_IRQHandler
                0x0000000000002234                USBHS_IRQHandler
                0x0000000000002234                DMA2_Channel9_IRQHandler
                0x0000000000002234                TIM10_CC_IRQHandler
                0x0000000000002234                EXTI0_IRQHandler
                0x0000000000002234                I2C2_EV_IRQHandler
                0x0000000000002234                TIM10_TRG_COM_IRQHandler
                0x0000000000002234                CAN2_SCE_IRQHandler
                0x0000000000002234                ADC1_2_IRQHandler
                0x0000000000002234                Break_Point_Handler
                0x0000000000002234                SPI1_IRQHandler
                0x0000000000002234                TAMPER_IRQHandler
                0x0000000000002234                CAN2_RX0_IRQHandler
                0x0000000000002234                TIM8_UP_IRQHandler
                0x0000000000002234                Ecall_M_Mode_Handler
                0x0000000000002234                DMA2_Channel2_IRQHandler
                0x0000000000002234                DMA1_Channel4_IRQHandler
                0x0000000000002234                TIM9_UP_IRQHandler
                0x0000000000002234                USART3_IRQHandler
                0x0000000000002234                RTC_IRQHandler
                0x0000000000002234                DMA1_Channel7_IRQHandler
                0x0000000000002234                CAN1_RX1_IRQHandler
                0x0000000000002234                DVP_IRQHandler
                0x0000000000002234                UART5_IRQHandler
                0x0000000000002234                TIM4_IRQHandler
                0x0000000000002234                DMA2_Channel1_IRQHandler
                0x0000000000002234                I2C1_EV_IRQHandler
                0x0000000000002234                DMA1_Channel6_IRQHandler
                0x0000000000002234                UART4_IRQHandler
                0x0000000000002234                DMA2_Channel4_IRQHandler
                0x0000000000002234                RCC_IRQHandler
                0x0000000000002234                TIM1_TRG_COM_IRQHandler
                0x0000000000002234                DMA1_Channel1_IRQHandler
                0x0000000000002234                DMA2_Channel7_IRQHandler
                0x0000000000002234                EXTI15_10_IRQHandler
                0x0000000000002234                TIM7_IRQHandler
                0x0000000000002234                CAN2_TX_IRQHandler
                0x0000000000002234                TIM5_IRQHandler
                0x0000000000002234                EXTI9_5_IRQHandler
                0x0000000000002234                ETH_WKUP_IRQHandler
                0x0000000000002234                SPI2_IRQHandler
                0x0000000000002234                TIM10_BRK_IRQHandler
                0x0000000000002234                TIM9_CC_IRQHandler
                0x0000000000002234                DMA2_Channel5_IRQHandler
                0x0000000000002234                DMA1_Channel5_IRQHandler
                0x0000000000002234                EXTI4_IRQHandler
                0x0000000000002234                USB_LP_CAN1_RX0_IRQHandler
                0x0000000000002234                RNG_IRQHandler
                0x0000000000002234                USB_HP_CAN1_TX_IRQHandler
                0x0000000000002234                DMA1_Channel3_IRQHandler
                0x0000000000002234                ETH_IRQHandler
                0x0000000000002234                TIM1_UP_IRQHandler
                0x0000000000002234                WWDG_IRQHandler
                0x0000000000002234                USBHSWakeup_IRQHandler
                0x0000000000002234                DMA2_Channel11_IRQHandler
                0x0000000000002234                Ecall_U_Mode_Handler
                0x0000000000002234                DMA2_Channel6_IRQHandler
                0x0000000000002234                TIM2_IRQHandler
                0x0000000000002234                SW_Handler
                0x0000000000002234                TIM1_BRK_IRQHandler
                0x0000000000002234                DMA2_Channel10_IRQHandler
                0x0000000000002234                EXTI1_IRQHandler
                0x0000000000002234                RTCAlarm_IRQHandler
                0x0000000000002234                TIM10_UP_IRQHandler
                0x0000000000002234                TIM9_TRG_COM_IRQHandler
                0x0000000000002234                UART7_IRQHandler
                0x0000000000002234                UART6_IRQHandler
                0x0000000000002234                I2C2_ER_IRQHandler
                0x0000000000002234                DMA1_Channel2_IRQHandler
                0x0000000000002234                TIM8_BRK_IRQHandler
                0x0000000000002234                CAN1_SCE_IRQHandler
                0x0000000000002234                FLASH_IRQHandler
                0x0000000000002234                USART1_IRQHandler
                0x0000000000002234                SPI3_IRQHandler
                0x0000000000002234                I2C1_ER_IRQHandler
                0x0000000000002234                USBWakeUp_IRQHandler
                0x0000000000002234                DMA2_Channel3_IRQHandler
 .text.handle_reset
                0x0000000000002236       0x8a ./Startup/startup_ch32v30x_D8C.o
                0x0000000000002236                handle_reset
 .text.DBGMCU_GetCHIPID
                0x00000000000022c0       0x18 ./Peripheral/src/ch32v30x_dbgmcu.o
                0x00000000000022c0                DBGMCU_GetCHIPID
 .text.EXTI_Init
                0x00000000000022d8      0x170 ./Peripheral/src/ch32v30x_exti.o
                0x00000000000022d8                EXTI_Init
 .text.EXTI_GetFlagStatus
                0x0000000000002448       0x38 ./Peripheral/src/ch32v30x_exti.o
                0x0000000000002448                EXTI_GetFlagStatus
 .text.EXTI_ClearFlag
                0x0000000000002480       0x20 ./Peripheral/src/ch32v30x_exti.o
                0x0000000000002480                EXTI_ClearFlag
 .text.GPIO_Init
                0x00000000000024a0      0x222 ./Peripheral/src/ch32v30x_gpio.o
                0x00000000000024a0                GPIO_Init
 .text.GPIO_ReadInputData
                0x00000000000026c2       0x1c ./Peripheral/src/ch32v30x_gpio.o
                0x00000000000026c2                GPIO_ReadInputData
 .text.GPIO_EXTILineConfig
                0x00000000000026de       0xa2 ./Peripheral/src/ch32v30x_gpio.o
                0x00000000000026de                GPIO_EXTILineConfig
 .text.NVIC_PriorityGroupConfig
                0x0000000000002780       0x1a ./Peripheral/src/ch32v30x_misc.o
                0x0000000000002780                NVIC_PriorityGroupConfig
 .text.NVIC_Init
                0x000000000000279a       0xd0 ./Peripheral/src/ch32v30x_misc.o
                0x000000000000279a                NVIC_Init
 .text.PWR_EnterSTOPMode
                0x000000000000286a      0x13e ./Peripheral/src/ch32v30x_pwr.o
                0x000000000000286a                PWR_EnterSTOPMode
 .text.RCC_GetClocksFreq
                0x00000000000029a8      0x38a ./Peripheral/src/ch32v30x_rcc.o
                0x00000000000029a8                RCC_GetClocksFreq
 .text.RCC_AHBPeriphClockCmd
                0x0000000000002d32       0x46 ./Peripheral/src/ch32v30x_rcc.o
                0x0000000000002d32                RCC_AHBPeriphClockCmd
 .text.RCC_APB2PeriphClockCmd
                0x0000000000002d78       0x46 ./Peripheral/src/ch32v30x_rcc.o
                0x0000000000002d78                RCC_APB2PeriphClockCmd
 .text.RCC_APB1PeriphClockCmd
                0x0000000000002dbe       0x46 ./Peripheral/src/ch32v30x_rcc.o
                0x0000000000002dbe                RCC_APB1PeriphClockCmd
 .text.RCC_USBHSConfig
                0x0000000000002e04       0x3c ./Peripheral/src/ch32v30x_rcc.o
                0x0000000000002e04                RCC_USBHSConfig
 .text.RCC_USBHSPLLCLKConfig
                0x0000000000002e40       0x3c ./Peripheral/src/ch32v30x_rcc.o
                0x0000000000002e40                RCC_USBHSPLLCLKConfig
 .text.RCC_USBHSPLLCKREFCLKConfig
                0x0000000000002e7c       0x3c ./Peripheral/src/ch32v30x_rcc.o
                0x0000000000002e7c                RCC_USBHSPLLCKREFCLKConfig
 .text.RCC_USBHSPHYPLLALIVEcmd
                0x0000000000002eb8       0x40 ./Peripheral/src/ch32v30x_rcc.o
                0x0000000000002eb8                RCC_USBHSPHYPLLALIVEcmd
 .text.RCC_USBCLK48MConfig
                0x0000000000002ef8       0x3e ./Peripheral/src/ch32v30x_rcc.o
                0x0000000000002ef8                RCC_USBCLK48MConfig
 .text.TIM_TimeBaseInit
                0x0000000000002f36      0x1da ./Peripheral/src/ch32v30x_tim.o
                0x0000000000002f36                TIM_TimeBaseInit
 .text.TIM_Cmd  0x0000000000003110       0x50 ./Peripheral/src/ch32v30x_tim.o
                0x0000000000003110                TIM_Cmd
 .text.TIM_ITConfig
                0x0000000000003160       0x68 ./Peripheral/src/ch32v30x_tim.o
                0x0000000000003160                TIM_ITConfig
 .text.TIM_GetITStatus
                0x00000000000031c8       0x6c ./Peripheral/src/ch32v30x_tim.o
                0x00000000000031c8                TIM_GetITStatus
 .text.TIM_ClearITPendingBit
                0x0000000000003234       0x2c ./Peripheral/src/ch32v30x_tim.o
                0x0000000000003234                TIM_ClearITPendingBit
 .text.USART_Init
                0x0000000000003260      0x1b4 ./Peripheral/src/ch32v30x_usart.o
                0x0000000000003260                USART_Init
 .text.USART_Cmd
                0x0000000000003414       0x58 ./Peripheral/src/ch32v30x_usart.o
                0x0000000000003414                USART_Cmd
 .text.USART_ITConfig
                0x000000000000346c       0xc4 ./Peripheral/src/ch32v30x_usart.o
                0x000000000000346c                USART_ITConfig
 .text.USART_SendData
                0x0000000000003530       0x2c ./Peripheral/src/ch32v30x_usart.o
                0x0000000000003530                USART_SendData
 .text.USART_ReceiveData
                0x000000000000355c       0x24 ./Peripheral/src/ch32v30x_usart.o
                0x000000000000355c                USART_ReceiveData
 .text.USART_GetFlagStatus
                0x0000000000003580       0x44 ./Peripheral/src/ch32v30x_usart.o
                0x0000000000003580                USART_GetFlagStatus
 .text.USART_GetITStatus
                0x00000000000035c4       0xfa ./Peripheral/src/ch32v30x_usart.o
                0x00000000000035c4                USART_GetITStatus
 .text.Delay_Init
                0x00000000000036be       0x46 ./Debug/debug.o
                0x00000000000036be                Delay_Init
 .text.Delay_Us
                0x0000000000003704       0x84 ./Debug/debug.o
                0x0000000000003704                Delay_Us
 .text.Delay_Ms
                0x0000000000003788       0x84 ./Debug/debug.o
                0x0000000000003788                Delay_Ms
 .text.USART_Printf_Init
                0x000000000000380c       0x86 ./Debug/debug.o
                0x000000000000380c                USART_Printf_Init
 .text._write   0x0000000000003892       0x7a ./Debug/debug.o
                0x0000000000003892                _write
 .text._sbrk    0x000000000000390c       0x5a ./Debug/debug.o
                0x000000000000390c                _sbrk
 .text.memcpy   0x0000000000003966       0xb2 d:/mounriver/mounriver_studio2/resources/app/resources/win32/components/wch/toolchain/risc-v embedded gcc/bin/../lib/gcc/riscv-none-embed/8.2.0/../../../../riscv-none-embed/lib/rv32imacxw/ilp32\libg_nano.a(lib_a-memcpy.o)
                0x0000000000003966                memcpy
 .text.printf   0x0000000000003a18       0x40 d:/mounriver/mounriver_studio2/resources/app/resources/win32/components/wch/toolchain/risc-v embedded gcc/bin/../lib/gcc/riscv-none-embed/8.2.0/../../../../riscv-none-embed/lib/rv32imacxw/ilp32\libg_nano.a(lib_a-printf.o)
                0x0000000000003a18                iprintf
                0x0000000000003a18                printf
 .text._puts_r  0x0000000000003a58       0xd4 d:/mounriver/mounriver_studio2/resources/app/resources/win32/components/wch/toolchain/risc-v embedded gcc/bin/../lib/gcc/riscv-none-embed/8.2.0/../../../../riscv-none-embed/lib/rv32imacxw/ilp32\libg_nano.a(lib_a-puts.o)
                0x0000000000003a58                _puts_r
 .text.puts     0x0000000000003b2c        0xa d:/mounriver/mounriver_studio2/resources/app/resources/win32/components/wch/toolchain/risc-v embedded gcc/bin/../lib/gcc/riscv-none-embed/8.2.0/../../../../riscv-none-embed/lib/rv32imacxw/ilp32\libg_nano.a(lib_a-puts.o)
                0x0000000000003b2c                puts
 .text.__swbuf_r
                0x0000000000003b36       0xbc d:/mounriver/mounriver_studio2/resources/app/resources/win32/components/wch/toolchain/risc-v embedded gcc/bin/../lib/gcc/riscv-none-embed/8.2.0/../../../../riscv-none-embed/lib/rv32imacxw/ilp32\libg_nano.a(lib_a-wbuf.o)
                0x0000000000003b36                __swbuf_r
 .text.__swsetup_r
                0x0000000000003bf2       0xfc d:/mounriver/mounriver_studio2/resources/app/resources/win32/components/wch/toolchain/risc-v embedded gcc/bin/../lib/gcc/riscv-none-embed/8.2.0/../../../../riscv-none-embed/lib/rv32imacxw/ilp32\libg_nano.a(lib_a-wsetup.o)
                0x0000000000003bf2                __swsetup_r
 .text.__sflush_r
                0x0000000000003cee      0x130 d:/mounriver/mounriver_studio2/resources/app/resources/win32/components/wch/toolchain/risc-v embedded gcc/bin/../lib/gcc/riscv-none-embed/8.2.0/../../../../riscv-none-embed/lib/rv32imacxw/ilp32\libg_nano.a(lib_a-fflush.o)
                0x0000000000003cee                __sflush_r
 .text._fflush_r
                0x0000000000003e1e       0x66 d:/mounriver/mounriver_studio2/resources/app/resources/win32/components/wch/toolchain/risc-v embedded gcc/bin/../lib/gcc/riscv-none-embed/8.2.0/../../../../riscv-none-embed/lib/rv32imacxw/ilp32\libg_nano.a(lib_a-fflush.o)
                0x0000000000003e1e                _fflush_r
 .text.std      0x0000000000003e84       0x66 d:/mounriver/mounriver_studio2/resources/app/resources/win32/components/wch/toolchain/risc-v embedded gcc/bin/../lib/gcc/riscv-none-embed/8.2.0/../../../../riscv-none-embed/lib/rv32imacxw/ilp32\libg_nano.a(lib_a-findfp.o)
 .text._cleanup_r
                0x0000000000003eea        0xa d:/mounriver/mounriver_studio2/resources/app/resources/win32/components/wch/toolchain/risc-v embedded gcc/bin/../lib/gcc/riscv-none-embed/8.2.0/../../../../riscv-none-embed/lib/rv32imacxw/ilp32\libg_nano.a(lib_a-findfp.o)
                0x0000000000003eea                _cleanup_r
 .text.__sfmoreglue
                0x0000000000003ef4       0x46 d:/mounriver/mounriver_studio2/resources/app/resources/win32/components/wch/toolchain/risc-v embedded gcc/bin/../lib/gcc/riscv-none-embed/8.2.0/../../../../riscv-none-embed/lib/rv32imacxw/ilp32\libg_nano.a(lib_a-findfp.o)
                0x0000000000003ef4                __sfmoreglue
 .text.__sinit  0x0000000000003f3a       0x6c d:/mounriver/mounriver_studio2/resources/app/resources/win32/components/wch/toolchain/risc-v embedded gcc/bin/../lib/gcc/riscv-none-embed/8.2.0/../../../../riscv-none-embed/lib/rv32imacxw/ilp32\libg_nano.a(lib_a-findfp.o)
                0x0000000000003f3a                __sinit
 .text.__sfp    0x0000000000003fa6       0x9e d:/mounriver/mounriver_studio2/resources/app/resources/win32/components/wch/toolchain/risc-v embedded gcc/bin/../lib/gcc/riscv-none-embed/8.2.0/../../../../riscv-none-embed/lib/rv32imacxw/ilp32\libg_nano.a(lib_a-findfp.o)
                0x0000000000003fa6                __sfp
 .text._fwalk_reent
                0x0000000000004044       0x6a d:/mounriver/mounriver_studio2/resources/app/resources/win32/components/wch/toolchain/risc-v embedded gcc/bin/../lib/gcc/riscv-none-embed/8.2.0/../../../../riscv-none-embed/lib/rv32imacxw/ilp32\libg_nano.a(lib_a-fwalk.o)
                0x0000000000004044                _fwalk_reent
 .text.__swhatbuf_r
                0x00000000000040ae       0x58 d:/mounriver/mounriver_studio2/resources/app/resources/win32/components/wch/toolchain/risc-v embedded gcc/bin/../lib/gcc/riscv-none-embed/8.2.0/../../../../riscv-none-embed/lib/rv32imacxw/ilp32\libg_nano.a(lib_a-makebuf.o)
                0x00000000000040ae                __swhatbuf_r
 .text.__smakebuf_r
                0x0000000000004106       0x90 d:/mounriver/mounriver_studio2/resources/app/resources/win32/components/wch/toolchain/risc-v embedded gcc/bin/../lib/gcc/riscv-none-embed/8.2.0/../../../../riscv-none-embed/lib/rv32imacxw/ilp32\libg_nano.a(lib_a-makebuf.o)
                0x0000000000004106                __smakebuf_r
 .text._free_r  0x0000000000004196       0xa8 d:/mounriver/mounriver_studio2/resources/app/resources/win32/components/wch/toolchain/risc-v embedded gcc/bin/../lib/gcc/riscv-none-embed/8.2.0/../../../../riscv-none-embed/lib/rv32imacxw/ilp32\libg_nano.a(lib_a-nano-freer.o)
                0x0000000000004196                _free_r
 .text._malloc_r
                0x000000000000423e       0xd4 d:/mounriver/mounriver_studio2/resources/app/resources/win32/components/wch/toolchain/risc-v embedded gcc/bin/../lib/gcc/riscv-none-embed/8.2.0/../../../../riscv-none-embed/lib/rv32imacxw/ilp32\libg_nano.a(lib_a-nano-mallocr.o)
                0x000000000000423e                _malloc_r
 .text.__sfputc_r
                0x0000000000004312       0x28 d:/mounriver/mounriver_studio2/resources/app/resources/win32/components/wch/toolchain/risc-v embedded gcc/bin/../lib/gcc/riscv-none-embed/8.2.0/../../../../riscv-none-embed/lib/rv32imacxw/ilp32\libg_nano.a(lib_a-nano-vfprintf.o)
 .text.__sfputs_r
                0x000000000000433a       0x40 d:/mounriver/mounriver_studio2/resources/app/resources/win32/components/wch/toolchain/risc-v embedded gcc/bin/../lib/gcc/riscv-none-embed/8.2.0/../../../../riscv-none-embed/lib/rv32imacxw/ilp32\libg_nano.a(lib_a-nano-vfprintf.o)
                0x000000000000433a                __sfputs_r
 .text._vfprintf_r
                0x000000000000437a      0x288 d:/mounriver/mounriver_studio2/resources/app/resources/win32/components/wch/toolchain/risc-v embedded gcc/bin/../lib/gcc/riscv-none-embed/8.2.0/../../../../riscv-none-embed/lib/rv32imacxw/ilp32\libg_nano.a(lib_a-nano-vfprintf.o)
                0x000000000000437a                _vfprintf_r
                0x000000000000437a                _vfiprintf_r
 .text._printf_common
                0x0000000000004602      0x10c d:/mounriver/mounriver_studio2/resources/app/resources/win32/components/wch/toolchain/risc-v embedded gcc/bin/../lib/gcc/riscv-none-embed/8.2.0/../../../../riscv-none-embed/lib/rv32imacxw/ilp32\libg_nano.a(lib_a-nano-vfprintf_i.o)
                0x0000000000004602                _printf_common
 .text._printf_i
                0x000000000000470e      0x2a2 d:/mounriver/mounriver_studio2/resources/app/resources/win32/components/wch/toolchain/risc-v embedded gcc/bin/../lib/gcc/riscv-none-embed/8.2.0/../../../../riscv-none-embed/lib/rv32imacxw/ilp32\libg_nano.a(lib_a-nano-vfprintf_i.o)
                0x000000000000470e                _printf_i
 .text._sbrk_r  0x00000000000049b0       0x2a d:/mounriver/mounriver_studio2/resources/app/resources/win32/components/wch/toolchain/risc-v embedded gcc/bin/../lib/gcc/riscv-none-embed/8.2.0/../../../../riscv-none-embed/lib/rv32imacxw/ilp32\libg_nano.a(lib_a-sbrkr.o)
                0x00000000000049b0                _sbrk_r
 .text.__sread  0x00000000000049da       0x2c d:/mounriver/mounriver_studio2/resources/app/resources/win32/components/wch/toolchain/risc-v embedded gcc/bin/../lib/gcc/riscv-none-embed/8.2.0/../../../../riscv-none-embed/lib/rv32imacxw/ilp32\libg_nano.a(lib_a-stdio.o)
                0x00000000000049da                __sread
 .text.__swrite
                0x0000000000004a06       0x48 d:/mounriver/mounriver_studio2/resources/app/resources/win32/components/wch/toolchain/risc-v embedded gcc/bin/../lib/gcc/riscv-none-embed/8.2.0/../../../../riscv-none-embed/lib/rv32imacxw/ilp32\libg_nano.a(lib_a-stdio.o)
                0x0000000000004a06                __swrite
 .text.__sseek  0x0000000000004a4e       0x30 d:/mounriver/mounriver_studio2/resources/app/resources/win32/components/wch/toolchain/risc-v embedded gcc/bin/../lib/gcc/riscv-none-embed/8.2.0/../../../../riscv-none-embed/lib/rv32imacxw/ilp32\libg_nano.a(lib_a-stdio.o)
                0x0000000000004a4e                __sseek
 .text.__sclose
                0x0000000000004a7e        0x6 d:/mounriver/mounriver_studio2/resources/app/resources/win32/components/wch/toolchain/risc-v embedded gcc/bin/../lib/gcc/riscv-none-embed/8.2.0/../../../../riscv-none-embed/lib/rv32imacxw/ilp32\libg_nano.a(lib_a-stdio.o)
                0x0000000000004a7e                __sclose
 .text._write_r
                0x0000000000004a84       0x2e d:/mounriver/mounriver_studio2/resources/app/resources/win32/components/wch/toolchain/risc-v embedded gcc/bin/../lib/gcc/riscv-none-embed/8.2.0/../../../../riscv-none-embed/lib/rv32imacxw/ilp32\libg_nano.a(lib_a-writer.o)
                0x0000000000004a84                _write_r
 .text._close_r
                0x0000000000004ab2       0x28 d:/mounriver/mounriver_studio2/resources/app/resources/win32/components/wch/toolchain/risc-v embedded gcc/bin/../lib/gcc/riscv-none-embed/8.2.0/../../../../riscv-none-embed/lib/rv32imacxw/ilp32\libg_nano.a(lib_a-closer.o)
                0x0000000000004ab2                _close_r
 .text._fstat_r
                0x0000000000004ada       0x2a d:/mounriver/mounriver_studio2/resources/app/resources/win32/components/wch/toolchain/risc-v embedded gcc/bin/../lib/gcc/riscv-none-embed/8.2.0/../../../../riscv-none-embed/lib/rv32imacxw/ilp32\libg_nano.a(lib_a-fstatr.o)
                0x0000000000004ada                _fstat_r
 .text._isatty_r
                0x0000000000004b04       0x28 d:/mounriver/mounriver_studio2/resources/app/resources/win32/components/wch/toolchain/risc-v embedded gcc/bin/../lib/gcc/riscv-none-embed/8.2.0/../../../../riscv-none-embed/lib/rv32imacxw/ilp32\libg_nano.a(lib_a-isattyr.o)
                0x0000000000004b04                _isatty_r
 .text._lseek_r
                0x0000000000004b2c       0x2c d:/mounriver/mounriver_studio2/resources/app/resources/win32/components/wch/toolchain/risc-v embedded gcc/bin/../lib/gcc/riscv-none-embed/8.2.0/../../../../riscv-none-embed/lib/rv32imacxw/ilp32\libg_nano.a(lib_a-lseekr.o)
                0x0000000000004b2c                _lseek_r
 .text.memchr   0x0000000000004b58       0x18 d:/mounriver/mounriver_studio2/resources/app/resources/win32/components/wch/toolchain/risc-v embedded gcc/bin/../lib/gcc/riscv-none-embed/8.2.0/../../../../riscv-none-embed/lib/rv32imacxw/ilp32\libg_nano.a(lib_a-memchr.o)
                0x0000000000004b58                memchr
 .text.__malloc_lock
                0x0000000000004b70        0x2 d:/mounriver/mounriver_studio2/resources/app/resources/win32/components/wch/toolchain/risc-v embedded gcc/bin/../lib/gcc/riscv-none-embed/8.2.0/../../../../riscv-none-embed/lib/rv32imacxw/ilp32\libg_nano.a(lib_a-mlock.o)
                0x0000000000004b70                __malloc_lock
 .text.__malloc_unlock
                0x0000000000004b72        0x2 d:/mounriver/mounriver_studio2/resources/app/resources/win32/components/wch/toolchain/risc-v embedded gcc/bin/../lib/gcc/riscv-none-embed/8.2.0/../../../../riscv-none-embed/lib/rv32imacxw/ilp32\libg_nano.a(lib_a-mlock.o)
                0x0000000000004b72                __malloc_unlock
 .text._read_r  0x0000000000004b74       0x2c d:/mounriver/mounriver_studio2/resources/app/resources/win32/components/wch/toolchain/risc-v embedded gcc/bin/../lib/gcc/riscv-none-embed/8.2.0/../../../../riscv-none-embed/lib/rv32imacxw/ilp32\libg_nano.a(lib_a-readr.o)
                0x0000000000004b74                _read_r
 .text._close   0x0000000000004ba0        0xc d:/mounriver/mounriver_studio2/resources/app/resources/win32/components/wch/toolchain/risc-v embedded gcc/bin/../lib/gcc/riscv-none-embed/8.2.0/../../../../riscv-none-embed/lib/rv32imacxw/ilp32\libnosys.a(close.o)
                0x0000000000004ba0                _close
 .text._fstat   0x0000000000004bac        0xc d:/mounriver/mounriver_studio2/resources/app/resources/win32/components/wch/toolchain/risc-v embedded gcc/bin/../lib/gcc/riscv-none-embed/8.2.0/../../../../riscv-none-embed/lib/rv32imacxw/ilp32\libnosys.a(fstat.o)
                0x0000000000004bac                _fstat
 .text._isatty  0x0000000000004bb8        0xc d:/mounriver/mounriver_studio2/resources/app/resources/win32/components/wch/toolchain/risc-v embedded gcc/bin/../lib/gcc/riscv-none-embed/8.2.0/../../../../riscv-none-embed/lib/rv32imacxw/ilp32\libnosys.a(isatty.o)
                0x0000000000004bb8                _isatty
 .text._lseek   0x0000000000004bc4        0xc d:/mounriver/mounriver_studio2/resources/app/resources/win32/components/wch/toolchain/risc-v embedded gcc/bin/../lib/gcc/riscv-none-embed/8.2.0/../../../../riscv-none-embed/lib/rv32imacxw/ilp32\libnosys.a(lseek.o)
                0x0000000000004bc4                _lseek
 .text._read    0x0000000000004bd0        0xc d:/mounriver/mounriver_studio2/resources/app/resources/win32/components/wch/toolchain/risc-v embedded gcc/bin/../lib/gcc/riscv-none-embed/8.2.0/../../../../riscv-none-embed/lib/rv32imacxw/ilp32\libnosys.a(read.o)
                0x0000000000004bd0                _read
 *(.rodata)
 .rodata        0x0000000000004bdc       0x8b ./User/main.o
 *fill*         0x0000000000004c67        0x1 
 .rodata        0x0000000000004c68       0xa2 ./User/usbd_compostie_km.o
 *(.rodata*)
 *fill*         0x0000000000004d0a        0x2 
 .rodata.USBFS_IRQHandler
                0x0000000000004d0c       0xec ./User/ch32v30x_usbfs_device.o
 .rodata.MyDevDescr
                0x0000000000004df8       0x12 ./User/usbd_desc.o
                0x0000000000004df8                MyDevDescr
 *fill*         0x0000000000004e0a        0x2 
 .rodata.MyCfgDescr
                0x0000000000004e0c       0x3b ./User/usbd_desc.o
                0x0000000000004e0c                MyCfgDescr
 *fill*         0x0000000000004e47        0x1 
 .rodata.KeyRepDesc
                0x0000000000004e48       0x3e ./User/usbd_desc.o
                0x0000000000004e48                KeyRepDesc
 *fill*         0x0000000000004e86        0x2 
 .rodata.MouseRepDesc
                0x0000000000004e88       0x34 ./User/usbd_desc.o
                0x0000000000004e88                MouseRepDesc
 .rodata.MyManuInfo
                0x0000000000004ebc        0xe ./User/usbd_desc.o
                0x0000000000004ebc                MyManuInfo
 *fill*         0x0000000000004eca        0x2 
 .rodata.MyProdInfo
                0x0000000000004ecc       0x12 ./User/usbd_desc.o
                0x0000000000004ecc                MyProdInfo
 *fill*         0x0000000000004ede        0x2 
 .rodata.MySerNumInfo
                0x0000000000004ee0       0x16 ./User/usbd_desc.o
                0x0000000000004ee0                MySerNumInfo
 *fill*         0x0000000000004ef6        0x2 
 .rodata.__sf_fake_stderr
                0x0000000000004ef8       0x20 d:/mounriver/mounriver_studio2/resources/app/resources/win32/components/wch/toolchain/risc-v embedded gcc/bin/../lib/gcc/riscv-none-embed/8.2.0/../../../../riscv-none-embed/lib/rv32imacxw/ilp32\libg_nano.a(lib_a-findfp.o)
                0x0000000000004ef8                __sf_fake_stderr
 .rodata.__sf_fake_stdin
                0x0000000000004f18       0x20 d:/mounriver/mounriver_studio2/resources/app/resources/win32/components/wch/toolchain/risc-v embedded gcc/bin/../lib/gcc/riscv-none-embed/8.2.0/../../../../riscv-none-embed/lib/rv32imacxw/ilp32\libg_nano.a(lib_a-findfp.o)
                0x0000000000004f18                __sf_fake_stdin
 .rodata.__sf_fake_stdout
                0x0000000000004f38       0x20 d:/mounriver/mounriver_studio2/resources/app/resources/win32/components/wch/toolchain/risc-v embedded gcc/bin/../lib/gcc/riscv-none-embed/8.2.0/../../../../riscv-none-embed/lib/rv32imacxw/ilp32\libg_nano.a(lib_a-findfp.o)
                0x0000000000004f38                __sf_fake_stdout
 .rodata._vfprintf_r.str1.4
                0x0000000000004f58       0x13 d:/mounriver/mounriver_studio2/resources/app/resources/win32/components/wch/toolchain/risc-v embedded gcc/bin/../lib/gcc/riscv-none-embed/8.2.0/../../../../riscv-none-embed/lib/rv32imacxw/ilp32\libg_nano.a(lib_a-nano-vfprintf.o)
 *fill*         0x0000000000004f6b        0x1 
 .rodata._printf_i.str1.4
                0x0000000000004f6c       0x28 d:/mounriver/mounriver_studio2/resources/app/resources/win32/components/wch/toolchain/risc-v embedded gcc/bin/../lib/gcc/riscv-none-embed/8.2.0/../../../../riscv-none-embed/lib/rv32imacxw/ilp32\libg_nano.a(lib_a-nano-vfprintf_i.o)
                                         0x25 (size before relaxing)
 *(.gnu.linkonce.t.*)
                0x0000000000004f94                . = ALIGN (0x4)

.rela.dyn       0x0000000000004f94        0x0
 .rela.init     0x0000000000004f94        0x0 ./User/ch32v30x_it.o
 .rela.vector   0x0000000000004f94        0x0 ./User/ch32v30x_it.o
 .rela.text.handle_reset
                0x0000000000004f94        0x0 ./User/ch32v30x_it.o
 .rela.sdata.curbrk.5377
                0x0000000000004f94        0x0 ./User/ch32v30x_it.o
 .rela.text._sbrk
                0x0000000000004f94        0x0 ./User/ch32v30x_it.o
 .rela.text._vfprintf_r
                0x0000000000004f94        0x0 ./User/ch32v30x_it.o
 .rela.text._sbrk_r
                0x0000000000004f94        0x0 ./User/ch32v30x_it.o
 .rela.text._write_r
                0x0000000000004f94        0x0 ./User/ch32v30x_it.o
 .rela.text._close_r
                0x0000000000004f94        0x0 ./User/ch32v30x_it.o
 .rela.text._fstat_r
                0x0000000000004f94        0x0 ./User/ch32v30x_it.o
 .rela.text._isatty_r
                0x0000000000004f94        0x0 ./User/ch32v30x_it.o
 .rela.text._lseek_r
                0x0000000000004f94        0x0 ./User/ch32v30x_it.o
 .rela.text._read_r
                0x0000000000004f94        0x0 ./User/ch32v30x_it.o
 .rela.text._close
                0x0000000000004f94        0x0 ./User/ch32v30x_it.o
 .rela.text._fstat
                0x0000000000004f94        0x0 ./User/ch32v30x_it.o
 .rela.text._isatty
                0x0000000000004f94        0x0 ./User/ch32v30x_it.o
 .rela.text._lseek
                0x0000000000004f94        0x0 ./User/ch32v30x_it.o
 .rela.text._read
                0x0000000000004f94        0x0 ./User/ch32v30x_it.o

.fini           0x0000000000004f94        0x0
 *(SORT_NONE(.fini))
                0x0000000000004f94                . = ALIGN (0x4)
                [!provide]                        PROVIDE (_etext = .)
                [!provide]                        PROVIDE (_eitcm = .)

.preinit_array  0x0000000000004f94        0x0
                [!provide]                        PROVIDE (__preinit_array_start = .)
 *(.preinit_array)
                [!provide]                        PROVIDE (__preinit_array_end = .)

.init_array     0x0000000000004f94        0x0
                [!provide]                        PROVIDE (__init_array_start = .)
 *(SORT_BY_INIT_PRIORITY(.init_array.*) SORT_BY_INIT_PRIORITY(.ctors.*))
 *(.init_array EXCLUDE_FILE(*crtend?.o *crtend.o *crtbegin?.o *crtbegin.o) .ctors)
                [!provide]                        PROVIDE (__init_array_end = .)

.fini_array     0x0000000000004f94        0x0
                [!provide]                        PROVIDE (__fini_array_start = .)
 *(SORT_BY_INIT_PRIORITY(.fini_array.*) SORT_BY_INIT_PRIORITY(.dtors.*))
 *(.fini_array EXCLUDE_FILE(*crtend?.o *crtend.o *crtbegin?.o *crtbegin.o) .dtors)
                [!provide]                        PROVIDE (__fini_array_end = .)

.ctors
 *crtbegin.o(.ctors)
 *crtbegin?.o(.ctors)
 *(EXCLUDE_FILE(*crtend?.o *crtend.o) .ctors)
 *(SORT_BY_NAME(.ctors.*))
 *(.ctors)

.dtors
 *crtbegin.o(.dtors)
 *crtbegin?.o(.dtors)
 *(EXCLUDE_FILE(*crtend?.o *crtend.o) .dtors)
 *(SORT_BY_NAME(.dtors.*))
 *(.dtors)

.dalign         0x0000000020000000        0x0 load address 0x0000000000004f94
                0x0000000020000000                . = ALIGN (0x4)
                0x0000000020000000                PROVIDE (_data_vma = .)

.dlalign        0x0000000000004f94        0x0
                0x0000000000004f94                . = ALIGN (0x4)
                0x0000000000004f94                PROVIDE (_data_lma = .)

.data           0x0000000020000000       0xa0 load address 0x0000000000004f94
 *(.gnu.linkonce.r.*)
 *(.data .data.*)
 .data.AHBPrescTable
                0x0000000020000000       0x10 ./User/system_ch32v30x.o
                0x0000000020000000                AHBPrescTable
 .data.APBAHBPrescTable
                0x0000000020000010       0x10 ./Peripheral/src/ch32v30x_rcc.o
 .data.impure_data
                0x0000000020000020       0x60 d:/mounriver/mounriver_studio2/resources/app/resources/win32/components/wch/toolchain/risc-v embedded gcc/bin/../lib/gcc/riscv-none-embed/8.2.0/../../../../riscv-none-embed/lib/rv32imacxw/ilp32\libg_nano.a(lib_a-impure.o)
 *(.gnu.linkonce.d.*)
                0x0000000020000080                . = ALIGN (0x8)
                0x0000000020000880                PROVIDE (__global_pointer$ = (. + 0x800))
 *(.sdata .sdata.*)
 .sdata.SystemCoreClock
                0x0000000020000080        0x4 ./User/system_ch32v30x.o
                0x0000000020000080                SystemCoreClock
 .sdata.MS_Scan_Result
                0x0000000020000084        0x2 ./User/usbd_compostie_km.o
                0x0000000020000084                MS_Scan_Result
 .sdata.KB_Scan_Result
                0x0000000020000086        0x2 ./User/usbd_compostie_km.o
                0x0000000020000086                KB_Scan_Result
 .sdata.KB_Scan_Last_Result
                0x0000000020000088        0x2 ./User/usbd_compostie_km.o
                0x0000000020000088                KB_Scan_Last_Result
 *fill*         0x000000002000008a        0x2 
 .sdata.ADCPrescTable
                0x000000002000008c        0x4 ./Peripheral/src/ch32v30x_rcc.o
 .sdata.curbrk.5377
                0x0000000020000090        0x4 ./Debug/debug.o
 .sdata._impure_ptr
                0x0000000020000094        0x4 d:/mounriver/mounriver_studio2/resources/app/resources/win32/components/wch/toolchain/risc-v embedded gcc/bin/../lib/gcc/riscv-none-embed/8.2.0/../../../../riscv-none-embed/lib/rv32imacxw/ilp32\libg_nano.a(lib_a-impure.o)
                0x0000000020000094                _impure_ptr
 *(.sdata2.*)
 .sdata2.MyLangDescr
                0x0000000020000098        0x4 ./User/usbd_desc.o
                0x0000000020000098                MyLangDescr
 .sdata2._global_impure_ptr
                0x000000002000009c        0x4 d:/mounriver/mounriver_studio2/resources/app/resources/win32/components/wch/toolchain/risc-v embedded gcc/bin/../lib/gcc/riscv-none-embed/8.2.0/../../../../riscv-none-embed/lib/rv32imacxw/ilp32\libg_nano.a(lib_a-impure.o)
                0x000000002000009c                _global_impure_ptr
 *(.gnu.linkonce.s.*)
                0x00000000200000a0                . = ALIGN (0x8)
 *(.srodata.cst16)
 *(.srodata.cst8)
 *(.srodata.cst4)
 *(.srodata.cst2)
 *(.srodata .srodata.*)
                0x00000000200000a0                . = ALIGN (0x4)
                0x00000000200000a0                PROVIDE (_edata = .)

.bss            0x00000000200000a0      0x11c load address 0x0000000000005034
                0x00000000200000a0                . = ALIGN (0x4)
                0x00000000200000a0                PROVIDE (_sbss = .)
 *(.sbss*)
 .sbss.pUSBFS_Descr
                0x00000000200000a0        0x4 ./User/ch32v30x_usbfs_device.o
                0x00000000200000a0                pUSBFS_Descr
 .sbss.USBFS_SetupReqCode
                0x00000000200000a4        0x1 ./User/ch32v30x_usbfs_device.o
                0x00000000200000a4                USBFS_SetupReqCode
 .sbss.USBFS_SetupReqType
                0x00000000200000a5        0x1 ./User/ch32v30x_usbfs_device.o
                0x00000000200000a5                USBFS_SetupReqType
 .sbss.USBFS_SetupReqValue
                0x00000000200000a6        0x2 ./User/ch32v30x_usbfs_device.o
                0x00000000200000a6                USBFS_SetupReqValue
 .sbss.USBFS_SetupReqIndex
                0x00000000200000a8        0x2 ./User/ch32v30x_usbfs_device.o
                0x00000000200000a8                USBFS_SetupReqIndex
 .sbss.USBFS_SetupReqLen
                0x00000000200000aa        0x2 ./User/ch32v30x_usbfs_device.o
                0x00000000200000aa                USBFS_SetupReqLen
 .sbss.USBFS_DevConfig
                0x00000000200000ac        0x1 ./User/ch32v30x_usbfs_device.o
                0x00000000200000ac                USBFS_DevConfig
 .sbss.USBFS_DevAddr
                0x00000000200000ad        0x1 ./User/ch32v30x_usbfs_device.o
                0x00000000200000ad                USBFS_DevAddr
 .sbss.USBFS_DevSleepStatus
                0x00000000200000ae        0x1 ./User/ch32v30x_usbfs_device.o
                0x00000000200000ae                USBFS_DevSleepStatus
 .sbss.USBFS_DevEnumStatus
                0x00000000200000af        0x1 ./User/ch32v30x_usbfs_device.o
                0x00000000200000af                USBFS_DevEnumStatus
 .sbss.USBFS_HidIdle
                0x00000000200000b0        0x2 ./User/ch32v30x_usbfs_device.o
                0x00000000200000b0                USBFS_HidIdle
 *fill*         0x00000000200000b2        0x2 
 .sbss.USBFS_HidProtocol
                0x00000000200000b4        0x2 ./User/ch32v30x_usbfs_device.o
                0x00000000200000b4                USBFS_HidProtocol
 *fill*         0x00000000200000b6        0x2 
 .sbss.USBFS_Endp_Busy
                0x00000000200000b8        0x8 ./User/ch32v30x_usbfs_device.o
                0x00000000200000b8                USBFS_Endp_Busy
 .sbss.MS_Scan_Done
                0x00000000200000c0        0x1 ./User/usbd_compostie_km.o
                0x00000000200000c0                MS_Scan_Done
 *fill*         0x00000000200000c1        0x3 
 .sbss.MS_Data_Pack
                0x00000000200000c4        0x4 ./User/usbd_compostie_km.o
                0x00000000200000c4                MS_Data_Pack
 .sbss.KB_Scan_Done
                0x00000000200000c8        0x1 ./User/usbd_compostie_km.o
                0x00000000200000c8                KB_Scan_Done
 *fill*         0x00000000200000c9        0x3 
 .sbss.KB_Data_Pack
                0x00000000200000cc        0x8 ./User/usbd_compostie_km.o
                0x00000000200000cc                KB_Data_Pack
 .sbss.KB_LED_Last_Status
                0x00000000200000d4        0x1 ./User/usbd_compostie_km.o
                0x00000000200000d4                KB_LED_Last_Status
 .sbss.KB_LED_Cur_Status
                0x00000000200000d5        0x1 ./User/usbd_compostie_km.o
                0x00000000200000d5                KB_LED_Cur_Status
 .sbss.USART_Recv_Dat
                0x00000000200000d6        0x1 ./User/usbd_compostie_km.o
                0x00000000200000d6                USART_Recv_Dat
 .sbss.USART_Send_Flag
                0x00000000200000d7        0x1 ./User/usbd_compostie_km.o
                0x00000000200000d7                USART_Send_Flag
 .sbss.USART_Send_Cnt
                0x00000000200000d8        0x1 ./User/usbd_compostie_km.o
                0x00000000200000d8                USART_Send_Cnt
 .sbss.flag.5647
                0x00000000200000d9        0x1 ./User/usbd_compostie_km.o
 .sbss.scan_cnt.5659
                0x00000000200000da        0x2 ./User/usbd_compostie_km.o
 .sbss.scan_result.5660
                0x00000000200000dc        0x2 ./User/usbd_compostie_km.o
 .sbss.key_cnt.5667
                0x00000000200000de        0x1 ./User/usbd_compostie_km.o
 .sbss.flag.5668
                0x00000000200000df        0x1 ./User/usbd_compostie_km.o
 .sbss.scan_cnt.5698
                0x00000000200000e0        0x2 ./User/usbd_compostie_km.o
 .sbss.scan_result.5699
                0x00000000200000e2        0x2 ./User/usbd_compostie_km.o
 .sbss.flag.5705
                0x00000000200000e4        0x1 ./User/usbd_compostie_km.o
 *fill*         0x00000000200000e5        0x3 
 .sbss.NVIC_Priority_Group
                0x00000000200000e8        0x4 ./Peripheral/src/ch32v30x_misc.o
                0x00000000200000e8                NVIC_Priority_Group
 .sbss.p_us     0x00000000200000ec        0x1 ./Debug/debug.o
 *fill*         0x00000000200000ed        0x1 
 .sbss.p_ms     0x00000000200000ee        0x2 ./Debug/debug.o
 .sbss.__malloc_free_list
                0x00000000200000f0        0x4 d:/mounriver/mounriver_studio2/resources/app/resources/win32/components/wch/toolchain/risc-v embedded gcc/bin/../lib/gcc/riscv-none-embed/8.2.0/../../../../riscv-none-embed/lib/rv32imacxw/ilp32\libg_nano.a(lib_a-nano-mallocr.o)
                0x00000000200000f0                __malloc_free_list
 .sbss.__malloc_sbrk_start
                0x00000000200000f4        0x4 d:/mounriver/mounriver_studio2/resources/app/resources/win32/components/wch/toolchain/risc-v embedded gcc/bin/../lib/gcc/riscv-none-embed/8.2.0/../../../../riscv-none-embed/lib/rv32imacxw/ilp32\libg_nano.a(lib_a-nano-mallocr.o)
                0x00000000200000f4                __malloc_sbrk_start
 *(.gnu.linkonce.sb.*)
 *(.bss*)
 .bss.USBFS_EP0_Buf
                0x00000000200000f8       0x40 ./User/ch32v30x_usbfs_device.o
                0x00000000200000f8                USBFS_EP0_Buf
 .bss.USBFS_EP1_Buf
                0x0000000020000138       0x40 ./User/ch32v30x_usbfs_device.o
                0x0000000020000138                USBFS_EP1_Buf
 .bss.USBFS_EP2_Buf
                0x0000000020000178       0x40 ./User/ch32v30x_usbfs_device.o
                0x0000000020000178                USBFS_EP2_Buf
 *(.gnu.linkonce.b.*)
 *(COMMON*)
 COMMON         0x00000000200001b8        0x4 d:/mounriver/mounriver_studio2/resources/app/resources/win32/components/wch/toolchain/risc-v embedded gcc/bin/../lib/gcc/riscv-none-embed/8.2.0/../../../../riscv-none-embed/lib/rv32imacxw/ilp32\libg_nano.a(lib_a-reent.o)
                0x00000000200001b8                errno
                0x00000000200001bc                . = ALIGN (0x4)
                0x00000000200001bc                PROVIDE (_ebss = .)
                0x00000000200001bc                PROVIDE (_end = _ebss)
                [!provide]                        PROVIDE (end = .)

.stack          0x0000000020007800      0x800
                0x0000000020007800                PROVIDE (_heap_end = .)
                0x0000000020007800                . = ALIGN (0x4)
                [!provide]                        PROVIDE (_susrstack = .)
                0x0000000020008000                . = (. + __stack_size)
 *fill*         0x0000000020007800      0x800 
                0x0000000020008000                PROVIDE (_eusrstack = .)
OUTPUT(CompositeKM.elf elf32-littleriscv)

.debug_info     0x0000000000000000     0xf6e3
 .debug_info    0x0000000000000000      0xbc0 ./User/ch32v30x_it.o
 .debug_info    0x0000000000000bc0     0x17b7 ./User/ch32v30x_usbfs_device.o
 .debug_info    0x0000000000002377      0xb45 ./User/main.o
 .debug_info    0x0000000000002ebc      0xb83 ./User/system_ch32v30x.o
 .debug_info    0x0000000000003a3f     0x189c ./User/usbd_compostie_km.o
 .debug_info    0x00000000000052db      0x17b ./User/usbd_desc.o
 .debug_info    0x0000000000005456       0x22 ./Startup/startup_ch32v30x_D8C.o
 .debug_info    0x0000000000005478      0xa3b ./Peripheral/src/ch32v30x_dbgmcu.o
 .debug_info    0x0000000000005eb3      0xc0d ./Peripheral/src/ch32v30x_exti.o
 .debug_info    0x0000000000006ac0     0x1004 ./Peripheral/src/ch32v30x_gpio.o
 .debug_info    0x0000000000007ac4      0xf59 ./Peripheral/src/ch32v30x_misc.o
 .debug_info    0x0000000000008a1d      0xfd1 ./Peripheral/src/ch32v30x_pwr.o
 .debug_info    0x00000000000099ee     0x154a ./Peripheral/src/ch32v30x_rcc.o
 .debug_info    0x000000000000af38     0x26b7 ./Peripheral/src/ch32v30x_tim.o
 .debug_info    0x000000000000d5ef     0x12a8 ./Peripheral/src/ch32v30x_usart.o
 .debug_info    0x000000000000e897      0xe4c ./Debug/debug.o

.debug_abbrev   0x0000000000000000     0x279e
 .debug_abbrev  0x0000000000000000      0x22c ./User/ch32v30x_it.o
 .debug_abbrev  0x000000000000022c      0x3a4 ./User/ch32v30x_usbfs_device.o
 .debug_abbrev  0x00000000000005d0      0x20f ./User/main.o
 .debug_abbrev  0x00000000000007df      0x29e ./User/system_ch32v30x.o
 .debug_abbrev  0x0000000000000a7d      0x323 ./User/usbd_compostie_km.o
 .debug_abbrev  0x0000000000000da0       0x6c ./User/usbd_desc.o
 .debug_abbrev  0x0000000000000e0c       0x12 ./Startup/startup_ch32v30x_D8C.o
 .debug_abbrev  0x0000000000000e1e      0x276 ./Peripheral/src/ch32v30x_dbgmcu.o
 .debug_abbrev  0x0000000000001094      0x268 ./Peripheral/src/ch32v30x_exti.o
 .debug_abbrev  0x00000000000012fc      0x2f5 ./Peripheral/src/ch32v30x_gpio.o
 .debug_abbrev  0x00000000000015f1      0x2c7 ./Peripheral/src/ch32v30x_misc.o
 .debug_abbrev  0x00000000000018b8      0x35a ./Peripheral/src/ch32v30x_pwr.o
 .debug_abbrev  0x0000000000001c12      0x2fa ./Peripheral/src/ch32v30x_rcc.o
 .debug_abbrev  0x0000000000001f0c      0x2ed ./Peripheral/src/ch32v30x_tim.o
 .debug_abbrev  0x00000000000021f9      0x2c2 ./Peripheral/src/ch32v30x_usart.o
 .debug_abbrev  0x00000000000024bb      0x2e3 ./Debug/debug.o

.debug_aranges  0x0000000000000000      0x980
 .debug_aranges
                0x0000000000000000       0x28 ./User/ch32v30x_it.o
 .debug_aranges
                0x0000000000000028       0x48 ./User/ch32v30x_usbfs_device.o
 .debug_aranges
                0x0000000000000070       0x20 ./User/main.o
 .debug_aranges
                0x0000000000000090       0x38 ./User/system_ch32v30x.o
 .debug_aranges
                0x00000000000000c8       0x98 ./User/usbd_compostie_km.o
 .debug_aranges
                0x0000000000000160       0x18 ./User/usbd_desc.o
 .debug_aranges
                0x0000000000000178       0x30 ./Startup/startup_ch32v30x_D8C.o
 .debug_aranges
                0x00000000000001a8       0x48 ./Peripheral/src/ch32v30x_dbgmcu.o
 .debug_aranges
                0x00000000000001f0       0x58 ./Peripheral/src/ch32v30x_exti.o
 .debug_aranges
                0x0000000000000248       0xb0 ./Peripheral/src/ch32v30x_gpio.o
 .debug_aranges
                0x00000000000002f8       0x28 ./Peripheral/src/ch32v30x_misc.o
 .debug_aranges
                0x0000000000000320       0x88 ./Peripheral/src/ch32v30x_pwr.o
 .debug_aranges
                0x00000000000003a8      0x1a8 ./Peripheral/src/ch32v30x_rcc.o
 .debug_aranges
                0x0000000000000550      0x2f0 ./Peripheral/src/ch32v30x_tim.o
 .debug_aranges
                0x0000000000000840       0xf0 ./Peripheral/src/ch32v30x_usart.o
 .debug_aranges
                0x0000000000000930       0x50 ./Debug/debug.o

.debug_ranges   0x0000000000000000      0x880
 .debug_ranges  0x0000000000000000       0x18 ./User/ch32v30x_it.o
 .debug_ranges  0x0000000000000018       0x38 ./User/ch32v30x_usbfs_device.o
 .debug_ranges  0x0000000000000050       0x10 ./User/main.o
 .debug_ranges  0x0000000000000060       0x28 ./User/system_ch32v30x.o
 .debug_ranges  0x0000000000000088       0x88 ./User/usbd_compostie_km.o
 .debug_ranges  0x0000000000000110       0x28 ./Startup/startup_ch32v30x_D8C.o
 .debug_ranges  0x0000000000000138       0x38 ./Peripheral/src/ch32v30x_dbgmcu.o
 .debug_ranges  0x0000000000000170       0x48 ./Peripheral/src/ch32v30x_exti.o
 .debug_ranges  0x00000000000001b8       0xa0 ./Peripheral/src/ch32v30x_gpio.o
 .debug_ranges  0x0000000000000258       0x18 ./Peripheral/src/ch32v30x_misc.o
 .debug_ranges  0x0000000000000270       0x78 ./Peripheral/src/ch32v30x_pwr.o
 .debug_ranges  0x00000000000002e8      0x198 ./Peripheral/src/ch32v30x_rcc.o
 .debug_ranges  0x0000000000000480      0x2e0 ./Peripheral/src/ch32v30x_tim.o
 .debug_ranges  0x0000000000000760       0xe0 ./Peripheral/src/ch32v30x_usart.o
 .debug_ranges  0x0000000000000840       0x40 ./Debug/debug.o

.debug_line     0x0000000000000000     0xa1ac
 .debug_line    0x0000000000000000      0x2d4 ./User/ch32v30x_it.o
 .debug_line    0x00000000000002d4     0x150f ./User/ch32v30x_usbfs_device.o
 .debug_line    0x00000000000017e3      0x38a ./User/main.o
 .debug_line    0x0000000000001b6d      0x671 ./User/system_ch32v30x.o
 .debug_line    0x00000000000021de      0xf4c ./User/usbd_compostie_km.o
 .debug_line    0x000000000000312a      0x176 ./User/usbd_desc.o
 .debug_line    0x00000000000032a0      0x131 ./Startup/startup_ch32v30x_D8C.o
 .debug_line    0x00000000000033d1      0x3b6 ./Peripheral/src/ch32v30x_dbgmcu.o
 .debug_line    0x0000000000003787      0x64b ./Peripheral/src/ch32v30x_exti.o
 .debug_line    0x0000000000003dd2      0xe1d ./Peripheral/src/ch32v30x_gpio.o
 .debug_line    0x0000000000004bef      0x428 ./Peripheral/src/ch32v30x_misc.o
 .debug_line    0x0000000000005017      0x857 ./Peripheral/src/ch32v30x_pwr.o
 .debug_line    0x000000000000586e     0x14d5 ./Peripheral/src/ch32v30x_rcc.o
 .debug_line    0x0000000000006d43     0x21f1 ./Peripheral/src/ch32v30x_tim.o
 .debug_line    0x0000000000008f34      0xcb1 ./Peripheral/src/ch32v30x_usart.o
 .debug_line    0x0000000000009be5      0x5c7 ./Debug/debug.o

.debug_str      0x0000000000000000     0x346a
 .debug_str     0x0000000000000000      0x5f9 ./User/ch32v30x_it.o
                                        0x677 (size before relaxing)
 .debug_str     0x00000000000005f9      0xb62 ./User/ch32v30x_usbfs_device.o
                                       0x11a8 (size before relaxing)
 .debug_str     0x000000000000115b       0x14 ./User/main.o
                                        0x757 (size before relaxing)
 .debug_str     0x000000000000116f      0x116 ./User/system_ch32v30x.o
                                        0x6d3 (size before relaxing)
 .debug_str     0x0000000000001285      0x6f0 ./User/usbd_compostie_km.o
                                       0x13f0 (size before relaxing)
 .debug_str     0x0000000000001975       0x14 ./User/usbd_desc.o
                                        0x1f3 (size before relaxing)
 .debug_str     0x0000000000001989       0x3d ./Startup/startup_ch32v30x_D8C.o
                                         0x5b (size before relaxing)
 .debug_str     0x00000000000019c6       0xa7 ./Peripheral/src/ch32v30x_dbgmcu.o
                                        0x647 (size before relaxing)
 .debug_str     0x0000000000001a6d       0xe1 ./Peripheral/src/ch32v30x_exti.o
                                        0x78e (size before relaxing)
 .debug_str     0x0000000000001b4e      0x266 ./Peripheral/src/ch32v30x_gpio.o
                                        0x983 (size before relaxing)
 .debug_str     0x0000000000001db4       0xa5 ./Peripheral/src/ch32v30x_misc.o
                                        0xcba (size before relaxing)
 .debug_str     0x0000000000001e59      0x1a7 ./Peripheral/src/ch32v30x_pwr.o
                                        0x841 (size before relaxing)
 .debug_str     0x0000000000002000      0x600 ./Peripheral/src/ch32v30x_rcc.o
                                        0xce0 (size before relaxing)
 .debug_str     0x0000000000002600      0xa56 ./Peripheral/src/ch32v30x_tim.o
                                       0x1261 (size before relaxing)
 .debug_str     0x0000000000003056      0x36b ./Peripheral/src/ch32v30x_usart.o
                                        0xabb (size before relaxing)
 .debug_str     0x00000000000033c1       0xa9 ./Debug/debug.o
                                        0x8c9 (size before relaxing)

.comment        0x0000000000000000       0x33
 .comment       0x0000000000000000       0x33 ./User/ch32v30x_it.o
                                         0x34 (size before relaxing)
 .comment       0x0000000000000033       0x34 ./User/ch32v30x_usbfs_device.o
 .comment       0x0000000000000033       0x34 ./User/main.o
 .comment       0x0000000000000033       0x34 ./User/system_ch32v30x.o
 .comment       0x0000000000000033       0x34 ./User/usbd_compostie_km.o
 .comment       0x0000000000000033       0x34 ./User/usbd_desc.o
 .comment       0x0000000000000033       0x34 ./Peripheral/src/ch32v30x_dbgmcu.o
 .comment       0x0000000000000033       0x34 ./Peripheral/src/ch32v30x_exti.o
 .comment       0x0000000000000033       0x34 ./Peripheral/src/ch32v30x_gpio.o
 .comment       0x0000000000000033       0x34 ./Peripheral/src/ch32v30x_misc.o
 .comment       0x0000000000000033       0x34 ./Peripheral/src/ch32v30x_pwr.o
 .comment       0x0000000000000033       0x34 ./Peripheral/src/ch32v30x_rcc.o
 .comment       0x0000000000000033       0x34 ./Peripheral/src/ch32v30x_tim.o
 .comment       0x0000000000000033       0x34 ./Peripheral/src/ch32v30x_usart.o
 .comment       0x0000000000000033       0x34 ./Debug/debug.o

.debug_frame    0x0000000000000000     0x2ab8
 .debug_frame   0x0000000000000000       0x48 ./User/ch32v30x_it.o
 .debug_frame   0x0000000000000048       0xe8 ./User/ch32v30x_usbfs_device.o
 .debug_frame   0x0000000000000130       0x2c ./User/main.o
 .debug_frame   0x000000000000015c       0xa0 ./User/system_ch32v30x.o
 .debug_frame   0x00000000000001fc      0x26c ./User/usbd_compostie_km.o
 .debug_frame   0x0000000000000468       0xd4 ./Peripheral/src/ch32v30x_dbgmcu.o
 .debug_frame   0x000000000000053c      0x114 ./Peripheral/src/ch32v30x_exti.o
 .debug_frame   0x0000000000000650      0x288 ./Peripheral/src/ch32v30x_gpio.o
 .debug_frame   0x00000000000008d8       0x50 ./Peripheral/src/ch32v30x_misc.o
 .debug_frame   0x0000000000000928      0x1dc ./Peripheral/src/ch32v30x_pwr.o
 .debug_frame   0x0000000000000b04      0x658 ./Peripheral/src/ch32v30x_rcc.o
 .debug_frame   0x000000000000115c      0xbac ./Peripheral/src/ch32v30x_tim.o
 .debug_frame   0x0000000000001d08      0x380 ./Peripheral/src/ch32v30x_usart.o
 .debug_frame   0x0000000000002088       0xfc ./Debug/debug.o
 .debug_frame   0x0000000000002184       0x20 d:/mounriver/mounriver_studio2/resources/app/resources/win32/components/wch/toolchain/risc-v embedded gcc/bin/../lib/gcc/riscv-none-embed/8.2.0/../../../../riscv-none-embed/lib/rv32imacxw/ilp32\libg_nano.a(lib_a-memcpy.o)
 .debug_frame   0x00000000000021a4       0x54 d:/mounriver/mounriver_studio2/resources/app/resources/win32/components/wch/toolchain/risc-v embedded gcc/bin/../lib/gcc/riscv-none-embed/8.2.0/../../../../riscv-none-embed/lib/rv32imacxw/ilp32\libg_nano.a(lib_a-printf.o)
 .debug_frame   0x00000000000021f8       0x54 d:/mounriver/mounriver_studio2/resources/app/resources/win32/components/wch/toolchain/risc-v embedded gcc/bin/../lib/gcc/riscv-none-embed/8.2.0/../../../../riscv-none-embed/lib/rv32imacxw/ilp32\libg_nano.a(lib_a-puts.o)
 .debug_frame   0x000000000000224c       0x50 d:/mounriver/mounriver_studio2/resources/app/resources/win32/components/wch/toolchain/risc-v embedded gcc/bin/../lib/gcc/riscv-none-embed/8.2.0/../../../../riscv-none-embed/lib/rv32imacxw/ilp32\libg_nano.a(lib_a-wbuf.o)
 .debug_frame   0x000000000000229c       0x3c d:/mounriver/mounriver_studio2/resources/app/resources/win32/components/wch/toolchain/risc-v embedded gcc/bin/../lib/gcc/riscv-none-embed/8.2.0/../../../../riscv-none-embed/lib/rv32imacxw/ilp32\libg_nano.a(lib_a-wsetup.o)
 .debug_frame   0x00000000000022d8       0x7c d:/mounriver/mounriver_studio2/resources/app/resources/win32/components/wch/toolchain/risc-v embedded gcc/bin/../lib/gcc/riscv-none-embed/8.2.0/../../../../riscv-none-embed/lib/rv32imacxw/ilp32\libg_nano.a(lib_a-fflush.o)
 .debug_frame   0x0000000000002354      0x148 d:/mounriver/mounriver_studio2/resources/app/resources/win32/components/wch/toolchain/risc-v embedded gcc/bin/../lib/gcc/riscv-none-embed/8.2.0/../../../../riscv-none-embed/lib/rv32imacxw/ilp32\libg_nano.a(lib_a-findfp.o)
 .debug_frame   0x000000000000249c       0x88 d:/mounriver/mounriver_studio2/resources/app/resources/win32/components/wch/toolchain/risc-v embedded gcc/bin/../lib/gcc/riscv-none-embed/8.2.0/../../../../riscv-none-embed/lib/rv32imacxw/ilp32\libg_nano.a(lib_a-fwalk.o)
 .debug_frame   0x0000000000002524       0x64 d:/mounriver/mounriver_studio2/resources/app/resources/win32/components/wch/toolchain/risc-v embedded gcc/bin/../lib/gcc/riscv-none-embed/8.2.0/../../../../riscv-none-embed/lib/rv32imacxw/ilp32\libg_nano.a(lib_a-makebuf.o)
 .debug_frame   0x0000000000002588       0x40 d:/mounriver/mounriver_studio2/resources/app/resources/win32/components/wch/toolchain/risc-v embedded gcc/bin/../lib/gcc/riscv-none-embed/8.2.0/../../../../riscv-none-embed/lib/rv32imacxw/ilp32\libg_nano.a(lib_a-nano-freer.o)
 .debug_frame   0x00000000000025c8       0x40 d:/mounriver/mounriver_studio2/resources/app/resources/win32/components/wch/toolchain/risc-v embedded gcc/bin/../lib/gcc/riscv-none-embed/8.2.0/../../../../riscv-none-embed/lib/rv32imacxw/ilp32\libg_nano.a(lib_a-nano-mallocr.o)
 .debug_frame   0x0000000000002608       0xd0 d:/mounriver/mounriver_studio2/resources/app/resources/win32/components/wch/toolchain/risc-v embedded gcc/bin/../lib/gcc/riscv-none-embed/8.2.0/../../../../riscv-none-embed/lib/rv32imacxw/ilp32\libg_nano.a(lib_a-nano-vfprintf.o)
 .debug_frame   0x00000000000026d8       0x8c d:/mounriver/mounriver_studio2/resources/app/resources/win32/components/wch/toolchain/risc-v embedded gcc/bin/../lib/gcc/riscv-none-embed/8.2.0/../../../../riscv-none-embed/lib/rv32imacxw/ilp32\libg_nano.a(lib_a-nano-vfprintf_i.o)
 .debug_frame   0x0000000000002764       0x30 d:/mounriver/mounriver_studio2/resources/app/resources/win32/components/wch/toolchain/risc-v embedded gcc/bin/../lib/gcc/riscv-none-embed/8.2.0/../../../../riscv-none-embed/lib/rv32imacxw/ilp32\libg_nano.a(lib_a-sbrkr.o)
 .debug_frame   0x0000000000002794       0xa4 d:/mounriver/mounriver_studio2/resources/app/resources/win32/components/wch/toolchain/risc-v embedded gcc/bin/../lib/gcc/riscv-none-embed/8.2.0/../../../../riscv-none-embed/lib/rv32imacxw/ilp32\libg_nano.a(lib_a-stdio.o)
 .debug_frame   0x0000000000002838       0x30 d:/mounriver/mounriver_studio2/resources/app/resources/win32/components/wch/toolchain/risc-v embedded gcc/bin/../lib/gcc/riscv-none-embed/8.2.0/../../../../riscv-none-embed/lib/rv32imacxw/ilp32\libg_nano.a(lib_a-writer.o)
 .debug_frame   0x0000000000002868       0x30 d:/mounriver/mounriver_studio2/resources/app/resources/win32/components/wch/toolchain/risc-v embedded gcc/bin/../lib/gcc/riscv-none-embed/8.2.0/../../../../riscv-none-embed/lib/rv32imacxw/ilp32\libg_nano.a(lib_a-closer.o)
 .debug_frame   0x0000000000002898       0x30 d:/mounriver/mounriver_studio2/resources/app/resources/win32/components/wch/toolchain/risc-v embedded gcc/bin/../lib/gcc/riscv-none-embed/8.2.0/../../../../riscv-none-embed/lib/rv32imacxw/ilp32\libg_nano.a(lib_a-fstatr.o)
 .debug_frame   0x00000000000028c8       0x30 d:/mounriver/mounriver_studio2/resources/app/resources/win32/components/wch/toolchain/risc-v embedded gcc/bin/../lib/gcc/riscv-none-embed/8.2.0/../../../../riscv-none-embed/lib/rv32imacxw/ilp32\libg_nano.a(lib_a-isattyr.o)
 .debug_frame   0x00000000000028f8       0x30 d:/mounriver/mounriver_studio2/resources/app/resources/win32/components/wch/toolchain/risc-v embedded gcc/bin/../lib/gcc/riscv-none-embed/8.2.0/../../../../riscv-none-embed/lib/rv32imacxw/ilp32\libg_nano.a(lib_a-lseekr.o)
 .debug_frame   0x0000000000002928       0x20 d:/mounriver/mounriver_studio2/resources/app/resources/win32/components/wch/toolchain/risc-v embedded gcc/bin/../lib/gcc/riscv-none-embed/8.2.0/../../../../riscv-none-embed/lib/rv32imacxw/ilp32\libg_nano.a(lib_a-memchr.o)
 .debug_frame   0x0000000000002948       0x30 d:/mounriver/mounriver_studio2/resources/app/resources/win32/components/wch/toolchain/risc-v embedded gcc/bin/../lib/gcc/riscv-none-embed/8.2.0/../../../../riscv-none-embed/lib/rv32imacxw/ilp32\libg_nano.a(lib_a-mlock.o)
 .debug_frame   0x0000000000002978       0x30 d:/mounriver/mounriver_studio2/resources/app/resources/win32/components/wch/toolchain/risc-v embedded gcc/bin/../lib/gcc/riscv-none-embed/8.2.0/../../../../riscv-none-embed/lib/rv32imacxw/ilp32\libg_nano.a(lib_a-readr.o)
 .debug_frame   0x00000000000029a8       0x70 d:/mounriver/mounriver_studio2/resources/app/resources/win32/components/wch/toolchain/risc-v embedded gcc/bin/../lib/gcc/riscv-none-embed/8.2.0/../../../../riscv-none-embed/lib/rv32imacxw/ilp32\libg_nano.a(lib_a-reent.o)
 .debug_frame   0x0000000000002a18       0x20 d:/mounriver/mounriver_studio2/resources/app/resources/win32/components/wch/toolchain/risc-v embedded gcc/bin/../lib/gcc/riscv-none-embed/8.2.0/../../../../riscv-none-embed/lib/rv32imacxw/ilp32\libnosys.a(close.o)
 .debug_frame   0x0000000000002a38       0x20 d:/mounriver/mounriver_studio2/resources/app/resources/win32/components/wch/toolchain/risc-v embedded gcc/bin/../lib/gcc/riscv-none-embed/8.2.0/../../../../riscv-none-embed/lib/rv32imacxw/ilp32\libnosys.a(fstat.o)
 .debug_frame   0x0000000000002a58       0x20 d:/mounriver/mounriver_studio2/resources/app/resources/win32/components/wch/toolchain/risc-v embedded gcc/bin/../lib/gcc/riscv-none-embed/8.2.0/../../../../riscv-none-embed/lib/rv32imacxw/ilp32\libnosys.a(isatty.o)
 .debug_frame   0x0000000000002a78       0x20 d:/mounriver/mounriver_studio2/resources/app/resources/win32/components/wch/toolchain/risc-v embedded gcc/bin/../lib/gcc/riscv-none-embed/8.2.0/../../../../riscv-none-embed/lib/rv32imacxw/ilp32\libnosys.a(lseek.o)
 .debug_frame   0x0000000000002a98       0x20 d:/mounriver/mounriver_studio2/resources/app/resources/win32/components/wch/toolchain/risc-v embedded gcc/bin/../lib/gcc/riscv-none-embed/8.2.0/../../../../riscv-none-embed/lib/rv32imacxw/ilp32\libnosys.a(read.o)

.stab           0x0000000000000000       0x84
 .stab          0x0000000000000000       0x24 d:/mounriver/mounriver_studio2/resources/app/resources/win32/components/wch/toolchain/risc-v embedded gcc/bin/../lib/gcc/riscv-none-embed/8.2.0/../../../../riscv-none-embed/lib/rv32imacxw/ilp32\libnosys.a(close.o)
 .stab          0x0000000000000024       0x18 d:/mounriver/mounriver_studio2/resources/app/resources/win32/components/wch/toolchain/risc-v embedded gcc/bin/../lib/gcc/riscv-none-embed/8.2.0/../../../../riscv-none-embed/lib/rv32imacxw/ilp32\libnosys.a(fstat.o)
                                         0x24 (size before relaxing)
 .stab          0x000000000000003c       0x18 d:/mounriver/mounriver_studio2/resources/app/resources/win32/components/wch/toolchain/risc-v embedded gcc/bin/../lib/gcc/riscv-none-embed/8.2.0/../../../../riscv-none-embed/lib/rv32imacxw/ilp32\libnosys.a(isatty.o)
                                         0x24 (size before relaxing)
 .stab          0x0000000000000054       0x18 d:/mounriver/mounriver_studio2/resources/app/resources/win32/components/wch/toolchain/risc-v embedded gcc/bin/../lib/gcc/riscv-none-embed/8.2.0/../../../../riscv-none-embed/lib/rv32imacxw/ilp32\libnosys.a(lseek.o)
                                         0x24 (size before relaxing)
 .stab          0x000000000000006c       0x18 d:/mounriver/mounriver_studio2/resources/app/resources/win32/components/wch/toolchain/risc-v embedded gcc/bin/../lib/gcc/riscv-none-embed/8.2.0/../../../../riscv-none-embed/lib/rv32imacxw/ilp32\libnosys.a(read.o)
                                         0x24 (size before relaxing)

.stabstr        0x0000000000000000      0x117
 .stabstr       0x0000000000000000      0x117 d:/mounriver/mounriver_studio2/resources/app/resources/win32/components/wch/toolchain/risc-v embedded gcc/bin/../lib/gcc/riscv-none-embed/8.2.0/../../../../riscv-none-embed/lib/rv32imacxw/ilp32\libnosys.a(close.o)
