Archive member included to satisfy reference by file (symbol)

d:/mounriver/mounriver_studio2/resources/app/resources/win32/components/wch/toolchain/risc-v embedded gcc/bin/../lib/gcc/riscv-none-embed/8.2.0/rv32imacxw/ilp32\libgcc.a(save-restore.o)
                              ./User/USB_Host/app_km.o (__riscv_save_12)
d:/mounriver/mounriver_studio2/resources/app/resources/win32/components/wch/toolchain/risc-v embedded gcc/bin/../lib/gcc/riscv-none-embed/8.2.0/../../../../riscv-none-embed/lib/rv32imacxw/ilp32\libg_nano.a(lib_a-memchr.o)
                              ./User/USB_Host/app_km.o (memchr)
d:/mounriver/mounriver_studio2/resources/app/resources/win32/components/wch/toolchain/risc-v embedded gcc/bin/../lib/gcc/riscv-none-embed/8.2.0/../../../../riscv-none-embed/lib/rv32imacxw/ilp32\libg_nano.a(lib_a-memcpy.o)
                              ./User/USB_Host/app_km.o (memcpy)
d:/mounriver/mounriver_studio2/resources/app/resources/win32/components/wch/toolchain/risc-v embedded gcc/bin/../lib/gcc/riscv-none-embed/8.2.0/../../../../riscv-none-embed/lib/rv32imacxw/ilp32\libg_nano.a(lib_a-memset.o)
                              ./User/USB_Host/app_km.o (memset)
d:/mounriver/mounriver_studio2/resources/app/resources/win32/components/wch/toolchain/risc-v embedded gcc/bin/../lib/gcc/riscv-none-embed/8.2.0/../../../../riscv-none-embed/lib/rv32imacxw/ilp32\libg_nano.a(lib_a-printf.o)
                              ./User/USB_Host/app_km.o (printf)
d:/mounriver/mounriver_studio2/resources/app/resources/win32/components/wch/toolchain/risc-v embedded gcc/bin/../lib/gcc/riscv-none-embed/8.2.0/../../../../riscv-none-embed/lib/rv32imacxw/ilp32\libg_nano.a(lib_a-puts.o)
                              ./User/USB_Host/app_km.o (puts)
d:/mounriver/mounriver_studio2/resources/app/resources/win32/components/wch/toolchain/risc-v embedded gcc/bin/../lib/gcc/riscv-none-embed/8.2.0/../../../../riscv-none-embed/lib/rv32imacxw/ilp32\libg_nano.a(lib_a-wbuf.o)
                              d:/mounriver/mounriver_studio2/resources/app/resources/win32/components/wch/toolchain/risc-v embedded gcc/bin/../lib/gcc/riscv-none-embed/8.2.0/../../../../riscv-none-embed/lib/rv32imacxw/ilp32\libg_nano.a(lib_a-puts.o) (__swbuf_r)
d:/mounriver/mounriver_studio2/resources/app/resources/win32/components/wch/toolchain/risc-v embedded gcc/bin/../lib/gcc/riscv-none-embed/8.2.0/../../../../riscv-none-embed/lib/rv32imacxw/ilp32\libg_nano.a(lib_a-wsetup.o)
                              d:/mounriver/mounriver_studio2/resources/app/resources/win32/components/wch/toolchain/risc-v embedded gcc/bin/../lib/gcc/riscv-none-embed/8.2.0/../../../../riscv-none-embed/lib/rv32imacxw/ilp32\libg_nano.a(lib_a-puts.o) (__swsetup_r)
d:/mounriver/mounriver_studio2/resources/app/resources/win32/components/wch/toolchain/risc-v embedded gcc/bin/../lib/gcc/riscv-none-embed/8.2.0/../../../../riscv-none-embed/lib/rv32imacxw/ilp32\libg_nano.a(lib_a-fflush.o)
                              d:/mounriver/mounriver_studio2/resources/app/resources/win32/components/wch/toolchain/risc-v embedded gcc/bin/../lib/gcc/riscv-none-embed/8.2.0/../../../../riscv-none-embed/lib/rv32imacxw/ilp32\libg_nano.a(lib_a-wbuf.o) (_fflush_r)
d:/mounriver/mounriver_studio2/resources/app/resources/win32/components/wch/toolchain/risc-v embedded gcc/bin/../lib/gcc/riscv-none-embed/8.2.0/../../../../riscv-none-embed/lib/rv32imacxw/ilp32\libg_nano.a(lib_a-findfp.o)
                              d:/mounriver/mounriver_studio2/resources/app/resources/win32/components/wch/toolchain/risc-v embedded gcc/bin/../lib/gcc/riscv-none-embed/8.2.0/../../../../riscv-none-embed/lib/rv32imacxw/ilp32\libg_nano.a(lib_a-printf.o) (__sinit)
d:/mounriver/mounriver_studio2/resources/app/resources/win32/components/wch/toolchain/risc-v embedded gcc/bin/../lib/gcc/riscv-none-embed/8.2.0/../../../../riscv-none-embed/lib/rv32imacxw/ilp32\libg_nano.a(lib_a-fwalk.o)
                              d:/mounriver/mounriver_studio2/resources/app/resources/win32/components/wch/toolchain/risc-v embedded gcc/bin/../lib/gcc/riscv-none-embed/8.2.0/../../../../riscv-none-embed/lib/rv32imacxw/ilp32\libg_nano.a(lib_a-findfp.o) (_fwalk)
d:/mounriver/mounriver_studio2/resources/app/resources/win32/components/wch/toolchain/risc-v embedded gcc/bin/../lib/gcc/riscv-none-embed/8.2.0/../../../../riscv-none-embed/lib/rv32imacxw/ilp32\libg_nano.a(lib_a-impure.o)
                              d:/mounriver/mounriver_studio2/resources/app/resources/win32/components/wch/toolchain/risc-v embedded gcc/bin/../lib/gcc/riscv-none-embed/8.2.0/../../../../riscv-none-embed/lib/rv32imacxw/ilp32\libg_nano.a(lib_a-fflush.o) (_global_impure_ptr)
d:/mounriver/mounriver_studio2/resources/app/resources/win32/components/wch/toolchain/risc-v embedded gcc/bin/../lib/gcc/riscv-none-embed/8.2.0/../../../../riscv-none-embed/lib/rv32imacxw/ilp32\libg_nano.a(lib_a-makebuf.o)
[...]
Memory Configuration

Name             Origin             Length             Attributes
FLASH            0x0000000000000000 0x0000000000048000 xr
RAM              0x0000000020000000 0x0000000000008000 xrw
*default*        0x0000000000000000 0xffffffffffffffff

Linker script and memory map

LOAD ./User/USB_Host/app_km.o
LOAD ./User/USB_Host/ch32v30x_usbfs_host.o
LOAD ./User/USB_Host/usb_host_hid.o
LOAD ./User/USB_Host/usb_host_hub.o
LOAD ./User/ch32v30x_it.o
LOAD ./User/main.o
LOAD ./User/submouse_serial.o
LOAD ./User/system_ch32v30x.o
LOAD ./User/usbd_hs_mouse.o
LOAD ./Startup/startup_ch32v30x_D8C.o
LOAD ./Peripheral/src/ch32v30x_adc.o
LOAD ./Peripheral/src/ch32v30x_bkp.o
LOAD ./Peripheral/src/ch32v30x_can.o
LOAD ./Peripheral/src/ch32v30x_crc.o
LOAD ./Peripheral/src/ch32v30x_dac.o
LOAD ./Peripheral/src/ch32v30x_dbgmcu.o
LOAD ./Peripheral/src/ch32v30x_dma.o
LOAD ./Peripheral/src/ch32v30x_dvp.o
LOAD ./Peripheral/src/ch32v30x_eth.o
LOAD ./Peripheral/src/ch32v30x_exti.o
LOAD ./Peripheral/src/ch32v30x_flash.o
LOAD ./Peripheral/src/ch32v30x_fsmc.o
LOAD ./Peripheral/src/ch32v30x_gpio.o
LOAD ./Peripheral/src/ch32v30x_i2c.o
LOAD ./Peripheral/src/ch32v30x_iwdg.o
LOAD ./Peripheral/src/ch32v30x_misc.o
LOAD ./Peripheral/src/ch32v30x_opa.o
LOAD ./Peripheral/src/ch32v30x_pwr.o
LOAD ./Peripheral/src/ch32v30x_rcc.o
LOAD ./Peripheral/src/ch32v30x_rng.o
LOAD ./Peripheral/src/ch32v30x_rtc.o
LOAD ./Peripheral/src/ch32v30x_sdio.o
LOAD ./Peripheral/src/ch32v30x_spi.o
LOAD ./Peripheral/src/ch32v30x_tim.o
LOAD ./Peripheral/src/ch32v30x_usart.o
LOAD ./Peripheral/src/ch32v30x_wwdg.o
LOAD ./Debug/debug.o
LOAD ./Core/core_riscv.o
LOAD d:/mounriver/mounriver_studio2/resources/app/resources/win32/components/wch/toolchain/risc-v embedded gcc/bin/../lib/gcc/riscv-none-embed/8.2.0/../../../../riscv-none-embed/lib/rv32imacxw/ilp32\libm.a
LOAD d:/mounriver/mounriver_studio2/resources/app/resources/win32/components/wch/toolchain/risc-v embedded gcc/bin/../lib/gcc/riscv-none-embed/8.2.0/rv32imacxw/ilp32\libgcc.a
LOAD d:/mounriver/mounriver_studio2/resources/app/resources/win32/components/wch/toolchain/risc-v embedded gcc/bin/../lib/gcc/riscv-none-embed/8.2.0/../../../../riscv-none-embed/lib/rv32imacxw/ilp32\libg_nano.a
LOAD d:/mounriver/mounriver_studio2/resources/app/resources/win32/components/wch/toolchain/risc-v embedded gcc/bin/../lib/gcc/riscv-none-embed/8.2.0/../../../../riscv-none-embed/lib/rv32imacxw/ilp32\libc_nano.a
LOAD d:/mounriver/mounriver_studio2/resources/app/resources/win32/components/wch/toolchain/risc-v embedded gcc/bin/../lib/gcc/riscv-none-embed/8.2.0/rv32imacxw/ilp32\libgcc.a
START GROUP
LOAD d:/mounriver/mounriver_studio2/resources/app/resources/win32/components/wch/toolchain/risc-v embedded gcc/bin/../lib/gcc/riscv-none-embed/8.2.0/rv32imacxw/ilp32\libgcc.a
LOAD d:/mounriver/mounriver_studio2/resources/app/resources/win32/components/wch/toolchain/risc-v embedded gcc/bin/../lib/gcc/riscv-none-embed/8.2.0/../../../../riscv-none-embed/lib/rv32imacxw/ilp32\libc_nano.a
LOAD d:/mounriver/mounriver_studio2/resources/app/resources/win32/components/wch/toolchain/risc-v embedded gcc/bin/../lib/gcc/riscv-none-embed/8.2.0/../../../../riscv-none-embed/lib/rv32imacxw/ilp32\libnosys.a
END GROUP
START GROUP
LOAD d:/mounriver/mounriver_studio2/resources/app/resources/win32/components/wch/toolchain/risc-v embedded gcc/bin/../lib/gcc/riscv-none-embed/8.2.0/rv32imacxw/ilp32\libgcc.a
LOAD d:/mounriver/mounriver_studio2/resources/app/resources/win32/components/wch/toolchain/risc-v embedded gcc/bin/../lib/gcc/riscv-none-embed/8.2.0/../../../../riscv-none-embed/lib/rv32imacxw/ilp32\libc_nano.a
LOAD d:/mounriver/mounriver_studio2/resources/app/resources/win32/components/wch/toolchain/risc-v embedded gcc/bin/../lib/gcc/riscv-none-embed/8.2.0/../../../../riscv-none-embed/lib/rv32imacxw/ilp32\libnosys.a
END GROUP
                0x0000000000000800                __stack_size = 0x800
                [!provide]                        PROVIDE (_stack_size = __stack_size)

.init           0x0000000000000000        0x4
                0x0000000000000000                _sinit = .
                0x0000000000000000                . = ALIGN (0x4)
 *(SORT_NONE(.init))
 .init          0x0000000000000000        0x4 ./Startup/startup_ch32v30x_D8C.o
                0x0000000000000000                _start
                0x0000000000000004                . = ALIGN (0x4)
                0x0000000000000004                _einit = .

.vector         0x0000000000000004      0x1bc
 *(.vector)
 .vector        0x0000000000000004      0x1a0 ./Startup/startup_ch32v30x_D8C.o
                0x00000000000001c0                . = ALIGN (0x40)
 *fill*         0x00000000000001a4       0x1c 

.text           0x00000000000001c0     0x5e04
                0x00000000000001c0                . = ALIGN (0x4)
 *(.text)
 .text          0x00000000000001c0       0x60 d:/mounriver/mounriver_studio2/resources/app/resources/win32/components/wch/toolchain/risc-v embedded gcc/bin/../lib/gcc/riscv-none-embed/8.2.0/rv32imacxw/ilp32\libgcc.a(save-restore.o)
                0x00000000000001c0                __riscv_save_12
                0x00000000000001c8                __riscv_save_9
                0x00000000000001c8                __riscv_save_11
                0x00000000000001c8                __riscv_save_10
                0x00000000000001c8                __riscv_save_8
                0x00000000000001d6                __riscv_save_4
                0x00000000000001d6                __riscv_save_6
                0x00000000000001d6                __riscv_save_5
                0x00000000000001d6                __riscv_save_7
                0x00000000000001f0                __riscv_save_3
                0x00000000000001f0                __riscv_save_2
                0x00000000000001f0                __riscv_save_1
                0x00000000000001f0                __riscv_save_0
                0x00000000000001fc                __riscv_restore_12
                0x0000000000000200                __riscv_restore_11
                0x0000000000000200                __riscv_restore_9
                0x0000000000000200                __riscv_restore_10
                0x0000000000000200                __riscv_restore_8
                0x000000000000020a                __riscv_restore_5
                0x000000000000020a                __riscv_restore_7
                0x000000000000020a                __riscv_restore_6
                0x000000000000020a                __riscv_restore_4
                0x0000000000000214                __riscv_restore_3
                0x0000000000000214                __riscv_restore_0
                0x0000000000000214                __riscv_restore_2
                0x0000000000000214                __riscv_restore_1
 .text          0x0000000000000220       0xa8 d:/mounriver/mounriver_studio2/resources/app/resources/win32/components/wch/toolchain/risc-v embedded gcc/bin/../lib/gcc/riscv-none-embed/8.2.0/../../../../riscv-none-embed/lib/rv32imacxw/ilp32\libg_nano.a(lib_a-memset.o)
                0x0000000000000220                memset
 *(.text.*)
 .text.USBH_PrintFsDiag
                0x00000000000002c8       0xdc ./User/USB_Host/app_km.o
 .text.USBH_MouseBridge_ReadBits.part.0
                0x00000000000003a4       0x3c ./User/USB_Host/app_km.o
 .text.USBH_MouseBridge_ReadSignedBits.part.1
                0x00000000000003e0       0x40 ./User/USB_Host/app_km.o
 .text.USBH_MouseBridge_StoreReport.constprop.14
                0x0000000000000420      0x230 ./User/USB_Host/app_km.o
 .text.USBH_MouseBridge_ReadReport
                0x0000000000000650       0x30 ./User/USB_Host/app_km.o
                0x0000000000000650                USBH_MouseBridge_ReadReport
 .text.USBH_MouseBridge_IsConfigured
                0x0000000000000680       0x9c ./User/USB_Host/app_km.o
                0x0000000000000680                USBH_MouseBridge_IsConfigured
 .text.USBH_MouseBridge_ReportCount
                0x000000000000071c        0x6 ./User/USB_Host/app_km.o
                0x000000000000071c                USBH_MouseBridge_ReportCount
 .text.TIM3_Init
                0x0000000000000722       0x70 ./User/USB_Host/app_km.o
                0x0000000000000722                TIM3_Init
 .text.TIM3_IRQHandler
                0x0000000000000792      0x108 ./User/USB_Host/app_km.o
                0x0000000000000792                TIM3_IRQHandler
 .text.USBH_CheckRootHubPortStatus
                0x000000000000089a       0x1a ./User/USB_Host/app_km.o
                0x000000000000089a                USBH_CheckRootHubPortStatus
 .text.USBH_ResetRootHubPort
                0x00000000000008b4       0x10 ./User/USB_Host/app_km.o
                0x00000000000008b4                USBH_ResetRootHubPort
 .text.USBH_EnableRootHubPort
                0x00000000000008c4       0x1a ./User/USB_Host/app_km.o
                0x00000000000008c4                USBH_EnableRootHubPort
 .text.USBH_GetDeviceDescr
                0x00000000000008de       0x1e ./User/USB_Host/app_km.o
                0x00000000000008de                USBH_GetDeviceDescr
 .text.USBH_SetUsbAddress
                0x00000000000008fc       0x24 ./User/USB_Host/app_km.o
                0x00000000000008fc                USBH_SetUsbAddress
 .text.USBH_GetConfigDescr
                0x0000000000000920       0x26 ./User/USB_Host/app_km.o
                0x0000000000000920                USBH_GetConfigDescr
 .text.USBH_AnalyseType
                0x0000000000000946       0x42 ./User/USB_Host/app_km.o
                0x0000000000000946                USBH_AnalyseType
 .text.USBH_SetUsbConfig
                0x0000000000000988       0x1c ./User/USB_Host/app_km.o
                0x0000000000000988                USBH_SetUsbConfig
 .text.USBH_GetStrDescr
                0x00000000000009a4       0x1e ./User/USB_Host/app_km.o
                0x00000000000009a4                USBH_GetStrDescr
 .text.USBH_GetHidData
                0x00000000000009c2       0x46 ./User/USB_Host/app_km.o
                0x00000000000009c2                USBH_GetHidData
 .text.USBH_SendHidData
                0x0000000000000a08       0x48 ./User/USB_Host/app_km.o
                0x0000000000000a08                USBH_SendHidData
 .text.USBH_ClearEndpStall
                0x0000000000000a50       0x1c ./User/USB_Host/app_km.o
                0x0000000000000a50                USBH_ClearEndpStall
 .text.USBH_EnumRootDevice
                0x0000000000000a6c      0x20a ./User/USB_Host/app_km.o
                0x0000000000000a6c                USBH_EnumRootDevice
 .text.KM_AnalyzeConfigDesc
                0x0000000000000c76      0x222 ./User/USB_Host/app_km.o
                0x0000000000000c76                KM_AnalyzeConfigDesc
 .text.KM_AnalyzeHidReportDesc
                0x0000000000000e98      0x196 ./User/USB_Host/app_km.o
                0x0000000000000e98                KM_AnalyzeHidReportDesc
 .text.KM_DealHidReportDesc
                0x000000000000102e      0x49c ./User/USB_Host/app_km.o
                0x000000000000102e                KM_DealHidReportDesc
 .text.HUB_AnalyzeConfigDesc
                0x00000000000014ca       0xae ./User/USB_Host/app_km.o
                0x00000000000014ca                HUB_AnalyzeConfigDesc
 .text.USBH_EnumHubDevice
                0x0000000000001578      0x2d4 ./User/USB_Host/app_km.o
                0x0000000000001578                USBH_EnumHubDevice
 .text.HUB_Port_PreEnum1
                0x000000000000184c       0xc4 ./User/USB_Host/app_km.o
                0x000000000000184c                HUB_Port_PreEnum1
 .text.HUB_Port_PreEnum2
                0x0000000000001910      0x104 ./User/USB_Host/app_km.o
                0x0000000000001910                HUB_Port_PreEnum2
 .text.HUB_CheckPortSpeed
                0x0000000000001a14       0x38 ./User/USB_Host/app_km.o
                0x0000000000001a14                HUB_CheckPortSpeed
 .text.USBH_EnumHubPortDevice
                0x0000000000001a4c      0x1ce ./User/USB_Host/app_km.o
                0x0000000000001a4c                USBH_EnumHubPortDevice
 .text.KB_AnalyzeKeyValue
                0x0000000000001c1a       0xa2 ./User/USB_Host/app_km.o
                0x0000000000001c1a                KB_AnalyzeKeyValue
 .text.KB_SetReport
                0x0000000000001cbc       0x92 ./User/USB_Host/app_km.o
                0x0000000000001cbc                KB_SetReport
 .text.USBH_EnumHidDevice
                0x0000000000001d4e      0x222 ./User/USB_Host/app_km.o
                0x0000000000001d4e                USBH_EnumHidDevice
 .text.USBH_MainDeal
                0x0000000000001f70      0x712 ./User/USB_Host/app_km.o
                0x0000000000001f70                USBH_MainDeal
 .text.USBFSH_SaveTransDiag
                0x0000000000002682       0x52 ./User/USB_Host/ch32v30x_usbfs_host.o
 .text.USBFSH_SetSelfSpeed.part.0
                0x00000000000026d4       0x26 ./User/USB_Host/ch32v30x_usbfs_host.o
 .text.USBFS_RCC_Init
                0x00000000000026fa       0x3a ./User/USB_Host/ch32v30x_usbfs_host.o
                0x00000000000026fa                USBFS_RCC_Init
 .text.USBFS_Host_Init
                0x0000000000002734       0x5e ./User/USB_Host/ch32v30x_usbfs_host.o
                0x0000000000002734                USBFS_Host_Init
 .text.USBFSH_CheckRootHubPortStatus
                0x0000000000002792       0x2e ./User/USB_Host/ch32v30x_usbfs_host.o
                0x0000000000002792                USBFSH_CheckRootHubPortStatus
 .text.USBFSH_CheckRootHubPortSpeed
                0x00000000000027c0       0x10 ./User/USB_Host/ch32v30x_usbfs_host.o
                0x00000000000027c0                USBFSH_CheckRootHubPortSpeed
 .text.USBFSH_SetSelfAddr
                0x00000000000027d0       0x14 ./User/USB_Host/ch32v30x_usbfs_host.o
                0x00000000000027d0                USBFSH_SetSelfAddr
 .text.USBFSH_SetSelfSpeed
                0x00000000000027e4       0x36 ./User/USB_Host/ch32v30x_usbfs_host.o
                0x00000000000027e4                USBFSH_SetSelfSpeed
 .text.USBFSH_ResetRootHubPort
                0x000000000000281a       0x50 ./User/USB_Host/ch32v30x_usbfs_host.o
                0x000000000000281a                USBFSH_ResetRootHubPort
 .text.USBFSH_EnableRootHubPort
                0x000000000000286a       0x3c ./User/USB_Host/ch32v30x_usbfs_host.o
                0x000000000000286a                USBFSH_EnableRootHubPort
 .text.USBFSH_Transact
                0x00000000000028a6      0x150 ./User/USB_Host/ch32v30x_usbfs_host.o
                0x00000000000028a6                USBFSH_Transact
 .text.USBFSH_CtrlTransfer
                0x00000000000029f6      0x1a2 ./User/USB_Host/ch32v30x_usbfs_host.o
                0x00000000000029f6                USBFSH_CtrlTransfer
 .text.USBFSH_GetDeviceDescr
                0x0000000000002b98       0x42 ./User/USB_Host/ch32v30x_usbfs_host.o
                0x0000000000002b98                USBFSH_GetDeviceDescr
 .text.USBFSH_GetConfigDescr
                0x0000000000002bda       0x70 ./User/USB_Host/ch32v30x_usbfs_host.o
                0x0000000000002bda                USBFSH_GetConfigDescr
 .text.USBFSH_GetStrDescr
                0x0000000000002c4a       0x5e ./User/USB_Host/ch32v30x_usbfs_host.o
                0x0000000000002c4a                USBFSH_GetStrDescr
 .text.USBFSH_SetUsbAddress
                0x0000000000002ca8       0x3a ./User/USB_Host/ch32v30x_usbfs_host.o
                0x0000000000002ca8                USBFSH_SetUsbAddress
 .text.USBFSH_SetUsbConfig
                0x0000000000002ce2       0x26 ./User/USB_Host/ch32v30x_usbfs_host.o
                0x0000000000002ce2                USBFSH_SetUsbConfig
 .text.USBFSH_ClearEndpStall
                0x0000000000002d08       0x26 ./User/USB_Host/ch32v30x_usbfs_host.o
                0x0000000000002d08                USBFSH_ClearEndpStall
 .text.USBFSH_GetEndpData
                0x0000000000002d2e       0x48 ./User/USB_Host/ch32v30x_usbfs_host.o
                0x0000000000002d2e                USBFSH_GetEndpData
 .text.USBFSH_SendEndpData
                0x0000000000002d76       0x40 ./User/USB_Host/ch32v30x_usbfs_host.o
                0x0000000000002d76                USBFSH_SendEndpData
 .text.HID_GetHidDesr
                0x0000000000002db6       0x3c ./User/USB_Host/usb_host_hid.o
                0x0000000000002db6                HID_GetHidDesr
 .text.HID_SetReport
                0x0000000000002df2       0x38 ./User/USB_Host/usb_host_hid.o
                0x0000000000002df2                HID_SetReport
 .text.HID_SetIdle
                0x0000000000002e2a       0x3c ./User/USB_Host/usb_host_hid.o
                0x0000000000002e2a                HID_SetIdle
 .text.HUB_GetPortStatus
                0x0000000000002e66       0x3a ./User/USB_Host/usb_host_hub.o
                0x0000000000002e66                HUB_GetPortStatus
 .text.HUB_ClearPortFeature
                0x0000000000002ea0       0x34 ./User/USB_Host/usb_host_hub.o
                0x0000000000002ea0                HUB_ClearPortFeature
 .text.HUB_SetPortFeature
                0x0000000000002ed4       0x34 ./User/USB_Host/usb_host_hub.o
                0x0000000000002ed4                HUB_SetPortFeature
 .text.HUB_GetClassDevDescr
                0x0000000000002f08       0x4c ./User/USB_Host/usb_host_hub.o
                0x0000000000002f08                HUB_GetClassDevDescr
 .text.NMI_Handler
                0x0000000000002f54        0x2 ./User/ch32v30x_it.o
                0x0000000000002f54                NMI_Handler
 .text.HardFault_Handler
                0x0000000000002f56       0x10 ./User/ch32v30x_it.o
                0x0000000000002f56                HardFault_Handler
 .text.startup.main
                0x0000000000002f66      0x1f4 ./User/main.o
                0x0000000000002f66                main
 .text.SubMouseSerial_Init
                0x000000000000315a       0xb0 ./User/submouse_serial.o
                0x000000000000315a                SubMouseSerial_Init
 .text.SubMouseSerial_SendAlive
                0x000000000000320a       0x3c ./User/submouse_serial.o
                0x000000000000320a                SubMouseSerial_SendAlive
 .text.USART1_IRQHandler
                0x0000000000003246       0x56 ./User/submouse_serial.o
                0x0000000000003246                USART1_IRQHandler
 .text.SubMouseSerial_Task
                0x000000000000329c      0x118 ./User/submouse_serial.o
                0x000000000000329c                SubMouseSerial_Task
 .text.SubMouseSerial_ReadReport
                0x00000000000033b4       0x32 ./User/submouse_serial.o
                0x00000000000033b4                SubMouseSerial_ReadReport
 .text.SystemInit
                0x00000000000033e6       0xfa ./User/system_ch32v30x.o
                0x00000000000033e6                SystemInit
 .text.SystemCoreClockUpdate
                0x00000000000034e0       0xbe ./User/system_ch32v30x.o
                0x00000000000034e0                SystemCoreClockUpdate
 .text.hs_endpoint_init
                0x000000000000359e       0x50 ./User/usbd_hs_mouse.o
 .text.copy_ctrl_data
                0x00000000000035ee       0x56 ./User/usbd_hs_mouse.o
 .text.USBHSD_Mouse_Init
                0x0000000000003644       0xd0 ./User/usbd_hs_mouse.o
                0x0000000000003644                USBHSD_Mouse_Init
 .text.USBHSD_Mouse_IsConfigured
                0x0000000000003714        0xe ./User/usbd_hs_mouse.o
                0x0000000000003714                USBHSD_Mouse_IsConfigured
 .text.USBHSD_Mouse_SendReport
                0x0000000000003722       0xa6 ./User/usbd_hs_mouse.o
                0x0000000000003722                USBHSD_Mouse_SendReport
 .text.USBHSD_Mouse_GetDiag
                0x00000000000037c8       0x50 ./User/usbd_hs_mouse.o
                0x00000000000037c8                USBHSD_Mouse_GetDiag
 .text.USBHS_IRQHandler
                0x0000000000003818      0x3a4 ./User/usbd_hs_mouse.o
                0x0000000000003818                USBHS_IRQHandler
 .text.vector_handler
                0x0000000000003bbc        0x2 ./Startup/startup_ch32v30x_D8C.o
                0x0000000000003bbc                EXTI2_IRQHandler
                0x0000000000003bbc                TIM8_TRG_COM_IRQHandler
                0x0000000000003bbc                TIM8_CC_IRQHandler
                0x0000000000003bbc                UART8_IRQHandler
                0x0000000000003bbc                TIM1_CC_IRQHandler
                0x0000000000003bbc                TIM6_IRQHandler
                0x0000000000003bbc                SysTick_Handler
                0x0000000000003bbc                PVD_IRQHandler
                0x0000000000003bbc                SDIO_IRQHandler
                0x0000000000003bbc                TIM9_BRK_IRQHandler
                0x0000000000003bbc                DMA2_Channel8_IRQHandler
                0x0000000000003bbc                CAN2_RX1_IRQHandler
                0x0000000000003bbc                EXTI3_IRQHandler
                0x0000000000003bbc                DMA2_Channel9_IRQHandler
                0x0000000000003bbc                TIM10_CC_IRQHandler
                0x0000000000003bbc                USBFS_IRQHandler
                0x0000000000003bbc                EXTI0_IRQHandler
                0x0000000000003bbc                I2C2_EV_IRQHandler
                0x0000000000003bbc                TIM10_TRG_COM_IRQHandler
                0x0000000000003bbc                CAN2_SCE_IRQHandler
                0x0000000000003bbc                ADC1_2_IRQHandler
                0x0000000000003bbc                Break_Point_Handler
                0x0000000000003bbc                SPI1_IRQHandler
                0x0000000000003bbc                TAMPER_IRQHandler
                0x0000000000003bbc                CAN2_RX0_IRQHandler
                0x0000000000003bbc                TIM8_UP_IRQHandler
                0x0000000000003bbc                Ecall_M_Mode_Handler
                0x0000000000003bbc                DMA2_Channel2_IRQHandler
                0x0000000000003bbc                DMA1_Channel4_IRQHandler
                0x0000000000003bbc                TIM9_UP_IRQHandler
                0x0000000000003bbc                USART3_IRQHandler
                0x0000000000003bbc                RTC_IRQHandler
                0x0000000000003bbc                DMA1_Channel7_IRQHandler
                0x0000000000003bbc                CAN1_RX1_IRQHandler
                0x0000000000003bbc                DVP_IRQHandler
                0x0000000000003bbc                UART5_IRQHandler
                0x0000000000003bbc                TIM4_IRQHandler
                0x0000000000003bbc                DMA2_Channel1_IRQHandler
                0x0000000000003bbc                I2C1_EV_IRQHandler
                0x0000000000003bbc                DMA1_Channel6_IRQHandler
                0x0000000000003bbc                UART4_IRQHandler
                0x0000000000003bbc                DMA2_Channel4_IRQHandler
                0x0000000000003bbc                RCC_IRQHandler
                0x0000000000003bbc                TIM1_TRG_COM_IRQHandler
                0x0000000000003bbc                DMA1_Channel1_IRQHandler
                0x0000000000003bbc                DMA2_Channel7_IRQHandler
                0x0000000000003bbc                EXTI15_10_IRQHandler
                0x0000000000003bbc                TIM7_IRQHandler
                0x0000000000003bbc                CAN2_TX_IRQHandler
                0x0000000000003bbc                TIM5_IRQHandler
                0x0000000000003bbc                EXTI9_5_IRQHandler
                0x0000000000003bbc                ETH_WKUP_IRQHandler
                0x0000000000003bbc                SPI2_IRQHandler
                0x0000000000003bbc                TIM10_BRK_IRQHandler
                0x0000000000003bbc                TIM9_CC_IRQHandler
                0x0000000000003bbc                DMA2_Channel5_IRQHandler
                0x0000000000003bbc                DMA1_Channel5_IRQHandler
                0x0000000000003bbc                EXTI4_IRQHandler
                0x0000000000003bbc                USB_LP_CAN1_RX0_IRQHandler
                0x0000000000003bbc                RNG_IRQHandler
                0x0000000000003bbc                USB_HP_CAN1_TX_IRQHandler
                0x0000000000003bbc                DMA1_Channel3_IRQHandler
                0x0000000000003bbc                ETH_IRQHandler
                0x0000000000003bbc                TIM1_UP_IRQHandler
                0x0000000000003bbc                WWDG_IRQHandler
                0x0000000000003bbc                USBHSWakeup_IRQHandler
                0x0000000000003bbc                DMA2_Channel11_IRQHandler
                0x0000000000003bbc                Ecall_U_Mode_Handler
                0x0000000000003bbc                DMA2_Channel6_IRQHandler
                0x0000000000003bbc                TIM2_IRQHandler
                0x0000000000003bbc                SW_Handler
                0x0000000000003bbc                TIM1_BRK_IRQHandler
                0x0000000000003bbc                DMA2_Channel10_IRQHandler
                0x0000000000003bbc                EXTI1_IRQHandler
                0x0000000000003bbc                RTCAlarm_IRQHandler
                0x0000000000003bbc                TIM10_UP_IRQHandler
                0x0000000000003bbc                TIM9_TRG_COM_IRQHandler
                0x0000000000003bbc                UART7_IRQHandler
                0x0000000000003bbc                USART2_IRQHandler
                0x0000000000003bbc                UART6_IRQHandler
                0x0000000000003bbc                I2C2_ER_IRQHandler
                0x0000000000003bbc                DMA1_Channel2_IRQHandler
                0x0000000000003bbc                TIM8_BRK_IRQHandler
                0x0000000000003bbc                CAN1_SCE_IRQHandler
                0x0000000000003bbc                FLASH_IRQHandler
                0x0000000000003bbc                SPI3_IRQHandler
                0x0000000000003bbc                I2C1_ER_IRQHandler
                0x0000000000003bbc                USBWakeUp_IRQHandler
                0x0000000000003bbc                DMA2_Channel3_IRQHandler
 .text.handle_reset
                0x0000000000003bbe       0x8e ./Startup/startup_ch32v30x_D8C.o
                0x0000000000003bbe                handle_reset
 .text.DBGMCU_GetCHIPID
                0x0000000000003c4c        0xa ./Peripheral/src/ch32v30x_dbgmcu.o
                0x0000000000003c4c                DBGMCU_GetCHIPID
 .text.GPIO_Init
                0x0000000000003c56       0xc0 ./Peripheral/src/ch32v30x_gpio.o
                0x0000000000003c56                GPIO_Init
 .text.NVIC_Init
                0x0000000000003d16       0x5c ./Peripheral/src/ch32v30x_misc.o
                0x0000000000003d16                NVIC_Init
 .text.RCC_GetClocksFreq
                0x0000000000003d72      0x176 ./Peripheral/src/ch32v30x_rcc.o
                0x0000000000003d72                RCC_GetClocksFreq
 .text.RCC_AHBPeriphClockCmd
                0x0000000000003ee8       0x1e ./Peripheral/src/ch32v30x_rcc.o
                0x0000000000003ee8                RCC_AHBPeriphClockCmd
 .text.RCC_APB2PeriphClockCmd
                0x0000000000003f06       0x1e ./Peripheral/src/ch32v30x_rcc.o
                0x0000000000003f06                RCC_APB2PeriphClockCmd
 .text.RCC_APB1PeriphClockCmd
                0x0000000000003f24       0x1e ./Peripheral/src/ch32v30x_rcc.o
                0x0000000000003f24                RCC_APB1PeriphClockCmd
 .text.RCC_USBHSConfig
                0x0000000000003f42       0x1a ./Peripheral/src/ch32v30x_rcc.o
                0x0000000000003f42                RCC_USBHSConfig
 .text.RCC_USBHSPLLCLKConfig
                0x0000000000003f5c       0x1a ./Peripheral/src/ch32v30x_rcc.o
                0x0000000000003f5c                RCC_USBHSPLLCLKConfig
 .text.RCC_USBHSPLLCKREFCLKConfig
                0x0000000000003f76       0x1a ./Peripheral/src/ch32v30x_rcc.o
                0x0000000000003f76                RCC_USBHSPLLCKREFCLKConfig
 .text.RCC_USBHSPHYPLLALIVEcmd
                0x0000000000003f90       0x24 ./Peripheral/src/ch32v30x_rcc.o
                0x0000000000003f90                RCC_USBHSPHYPLLALIVEcmd
 .text.RCC_USBCLK48MConfig
                0x0000000000003fb4       0x16 ./Peripheral/src/ch32v30x_rcc.o
                0x0000000000003fb4                RCC_USBCLK48MConfig
 .text.TIM_TimeBaseInit
                0x0000000000003fca       0xee ./Peripheral/src/ch32v30x_tim.o
                0x0000000000003fca                TIM_TimeBaseInit
 .text.TIM_Cmd  0x00000000000040b8       0x18 ./Peripheral/src/ch32v30x_tim.o
                0x00000000000040b8                TIM_Cmd
 .text.TIM_ITConfig
                0x00000000000040d0       0x12 ./Peripheral/src/ch32v30x_tim.o
                0x00000000000040d0                TIM_ITConfig
 .text.TIM_GetITStatus
                0x00000000000040e2       0x18 ./Peripheral/src/ch32v30x_tim.o
                0x00000000000040e2                TIM_GetITStatus
 .text.TIM_ClearITPendingBit
                0x00000000000040fa        0xc ./Peripheral/src/ch32v30x_tim.o
                0x00000000000040fa                TIM_ClearITPendingBit
 .text.USART_Init
                0x0000000000004106       0x90 ./Peripheral/src/ch32v30x_usart.o
                0x0000000000004106                USART_Init
 .text.USART_Cmd
                0x0000000000004196       0x16 ./Peripheral/src/ch32v30x_usart.o
                0x0000000000004196                USART_Cmd
 .text.USART_ITConfig
                0x00000000000041ac       0x36 ./Peripheral/src/ch32v30x_usart.o
                0x00000000000041ac                USART_ITConfig
 .text.USART_SendData
                0x00000000000041e2        0x8 ./Peripheral/src/ch32v30x_usart.o
                0x00000000000041e2                USART_SendData
 .text.USART_ReceiveData
                0x00000000000041ea        0x8 ./Peripheral/src/ch32v30x_usart.o
                0x00000000000041ea                USART_ReceiveData
 .text.USART_GetFlagStatus
                0x00000000000041f2        0xa ./Peripheral/src/ch32v30x_usart.o
                0x00000000000041f2                USART_GetFlagStatus
 .text.USART_GetITStatus
                0x00000000000041fc       0x3c ./Peripheral/src/ch32v30x_usart.o
                0x00000000000041fc                USART_GetITStatus
 .text.Delay_Init
                0x0000000000004238       0x2a ./Debug/debug.o
                0x0000000000004238                Delay_Init
 .text.Delay_Us
                0x0000000000004262       0x36 ./Debug/debug.o
                0x0000000000004262                Delay_Us
 .text.Delay_Ms
                0x0000000000004298       0x36 ./Debug/debug.o
                0x0000000000004298                Delay_Ms
 .text.USART_Printf_Init
                0x00000000000042ce       0x60 ./Debug/debug.o
                0x00000000000042ce                USART_Printf_Init
 .text._write   0x000000000000432e       0x3e ./Debug/debug.o
                0x000000000000432e                _write
 .text._sbrk    0x000000000000436c       0x2a ./Debug/debug.o
                0x000000000000436c                _sbrk
 .text.memchr   0x0000000000004396       0x18 d:/mounriver/mounriver_studio2/resources/app/resources/win32/components/wch/toolchain/risc-v embedded gcc/bin/../lib/gcc/riscv-none-embed/8.2.0/../../../../riscv-none-embed/lib/rv32imacxw/ilp32\libg_nano.a(lib_a-memchr.o)
                0x0000000000004396                memchr
 .text.memcpy   0x00000000000043ae       0xb2 d:/mounriver/mounriver_studio2/resources/app/resources/win32/components/wch/toolchain/risc-v embedded gcc/bin/../lib/gcc/riscv-none-embed/8.2.0/../../../../riscv-none-embed/lib/rv32imacxw/ilp32\libg_nano.a(lib_a-memcpy.o)
                0x00000000000043ae                memcpy
 .text.printf   0x0000000000004460       0x40 d:/mounriver/mounriver_studio2/resources/app/resources/win32/components/wch/toolchain/risc-v embedded gcc/bin/../lib/gcc/riscv-none-embed/8.2.0/../../../../riscv-none-embed/lib/rv32imacxw/ilp32\libg_nano.a(lib_a-printf.o)
                0x0000000000004460                iprintf
                0x0000000000004460                printf
 .text._puts_r  0x00000000000044a0       0xd4 d:/mounriver/mounriver_studio2/resources/app/resources/win32/components/wch/toolchain/risc-v embedded gcc/bin/../lib/gcc/riscv-none-embed/8.2.0/../../../../riscv-none-embed/lib/rv32imacxw/ilp32\libg_nano.a(lib_a-puts.o)
                0x00000000000044a0                _puts_r
 .text.puts     0x0000000000004574        0xc d:/mounriver/mounriver_studio2/resources/app/resources/win32/components/wch/toolchain/risc-v embedded gcc/bin/../lib/gcc/riscv-none-embed/8.2.0/../../../../riscv-none-embed/lib/rv32imacxw/ilp32\libg_nano.a(lib_a-puts.o)
                0x0000000000004574                puts
 .text.__swbuf_r
                0x0000000000004580       0xbc d:/mounriver/mounriver_studio2/resources/app/resources/win32/components/wch/toolchain/risc-v embedded gcc/bin/../lib/gcc/riscv-none-embed/8.2.0/../../../../riscv-none-embed/lib/rv32imacxw/ilp32\libg_nano.a(lib_a-wbuf.o)
                0x0000000000004580                __swbuf_r
 .text.__swsetup_r
                0x000000000000463c       0xfc d:/mounriver/mounriver_studio2/resources/app/resources/win32/components/wch/toolchain/risc-v embedded gcc/bin/../lib/gcc/riscv-none-embed/8.2.0/../../../../riscv-none-embed/lib/rv32imacxw/ilp32\libg_nano.a(lib_a-wsetup.o)
                0x000000000000463c                __swsetup_r
 .text.__sflush_r
                0x0000000000004738      0x130 d:/mounriver/mounriver_studio2/resources/app/resources/win32/components/wch/toolchain/risc-v embedded gcc/bin/../lib/gcc/riscv-none-embed/8.2.0/../../../../riscv-none-embed/lib/rv32imacxw/ilp32\libg_nano.a(lib_a-fflush.o)
                0x0000000000004738                __sflush_r
 .text._fflush_r
                0x0000000000004868       0x66 d:/mounriver/mounriver_studio2/resources/app/resources/win32/components/wch/toolchain/risc-v embedded gcc/bin/../lib/gcc/riscv-none-embed/8.2.0/../../../../riscv-none-embed/lib/rv32imacxw/ilp32\libg_nano.a(lib_a-fflush.o)
                0x0000000000004868                _fflush_r
 .text.std      0x00000000000048ce       0x66 d:/mounriver/mounriver_studio2/resources/app/resources/win32/components/wch/toolchain/risc-v embedded gcc/bin/../lib/gcc/riscv-none-embed/8.2.0/../../../../riscv-none-embed/lib/rv32imacxw/ilp32\libg_nano.a(lib_a-findfp.o)
 .text._cleanup_r
                0x0000000000004934        0xa d:/mounriver/mounriver_studio2/resources/app/resources/win32/components/wch/toolchain/risc-v embedded gcc/bin/../lib/gcc/riscv-none-embed/8.2.0/../../../../riscv-none-embed/lib/rv32imacxw/ilp32\libg_nano.a(lib_a-findfp.o)
                0x0000000000004934                _cleanup_r
 .text.__sfmoreglue
                0x000000000000493e       0x46 d:/mounriver/mounriver_studio2/resources/app/resources/win32/components/wch/toolchain/risc-v embedded gcc/bin/../lib/gcc/riscv-none-embed/8.2.0/../../../../riscv-none-embed/lib/rv32imacxw/ilp32\libg_nano.a(lib_a-findfp.o)
                0x000000000000493e                __sfmoreglue
 .text.__sinit  0x0000000000004984       0x6c d:/mounriver/mounriver_studio2/resources/app/resources/win32/components/wch/toolchain/risc-v embedded gcc/bin/../lib/gcc/riscv-none-embed/8.2.0/../../../../riscv-none-embed/lib/rv32imacxw/ilp32\libg_nano.a(lib_a-findfp.o)
                0x0000000000004984                __sinit
 .text.__sfp    0x00000000000049f0       0xa0 d:/mounriver/mounriver_studio2/resources/app/resources/win32/components/wch/toolchain/risc-v embedded gcc/bin/../lib/gcc/riscv-none-embed/8.2.0/../../../../riscv-none-embed/lib/rv32imacxw/ilp32\libg_nano.a(lib_a-findfp.o)
                0x00000000000049f0                __sfp
 .text._fwalk_reent
                0x0000000000004a90       0x6a d:/mounriver/mounriver_studio2/resources/app/resources/win32/components/wch/toolchain/risc-v embedded gcc/bin/../lib/gcc/riscv-none-embed/8.2.0/../../../../riscv-none-embed/lib/rv32imacxw/ilp32\libg_nano.a(lib_a-fwalk.o)
                0x0000000000004a90                _fwalk_reent
 .text.__swhatbuf_r
                0x0000000000004afa       0x58 d:/mounriver/mounriver_studio2/resources/app/resources/win32/components/wch/toolchain/risc-v embedded gcc/bin/../lib/gcc/riscv-none-embed/8.2.0/../../../../riscv-none-embed/lib/rv32imacxw/ilp32\libg_nano.a(lib_a-makebuf.o)
                0x0000000000004afa                __swhatbuf_r
 .text.__smakebuf_r
                0x0000000000004b52       0x92 d:/mounriver/mounriver_studio2/resources/app/resources/win32/components/wch/toolchain/risc-v embedded gcc/bin/../lib/gcc/riscv-none-embed/8.2.0/../../../../riscv-none-embed/lib/rv32imacxw/ilp32\libg_nano.a(lib_a-makebuf.o)
                0x0000000000004b52                __smakebuf_r
 .text._free_r  0x0000000000004be4       0xa8 d:/mounriver/mounriver_studio2/resources/app/resources/win32/components/wch/toolchain/risc-v embedded gcc/bin/../lib/gcc/riscv-none-embed/8.2.0/../../../../riscv-none-embed/lib/rv32imacxw/ilp32\libg_nano.a(lib_a-nano-freer.o)
                0x0000000000004be4                _free_r
 .text._malloc_r
                0x0000000000004c8c       0xd4 d:/mounriver/mounriver_studio2/resources/app/resources/win32/components/wch/toolchain/risc-v embedded gcc/bin/../lib/gcc/riscv-none-embed/8.2.0/../../../../riscv-none-embed/lib/rv32imacxw/ilp32\libg_nano.a(lib_a-nano-mallocr.o)
                0x0000000000004c8c                _malloc_r
 .text.__sfputc_r
                0x0000000000004d60       0x28 d:/mounriver/mounriver_studio2/resources/app/resources/win32/components/wch/toolchain/risc-v embedded gcc/bin/../lib/gcc/riscv-none-embed/8.2.0/../../../../riscv-none-embed/lib/rv32imacxw/ilp32\libg_nano.a(lib_a-nano-vfprintf.o)
 .text.__sfputs_r
                0x0000000000004d88       0x42 d:/mounriver/mounriver_studio2/resources/app/resources/win32/components/wch/toolchain/risc-v embedded gcc/bin/../lib/gcc/riscv-none-embed/8.2.0/../../../../riscv-none-embed/lib/rv32imacxw/ilp32\libg_nano.a(lib_a-nano-vfprintf.o)
                0x0000000000004d88                __sfputs_r
 .text._vfprintf_r
                0x0000000000004dca      0x28e d:/mounriver/mounriver_studio2/resources/app/resources/win32/components/wch/toolchain/risc-v embedded gcc/bin/../lib/gcc/riscv-none-embed/8.2.0/../../../../riscv-none-embed/lib/rv32imacxw/ilp32\libg_nano.a(lib_a-nano-vfprintf.o)
                0x0000000000004dca                _vfprintf_r
                0x0000000000004dca                _vfiprintf_r
 .text._printf_common
                0x0000000000005058      0x10c d:/mounriver/mounriver_studio2/resources/app/resources/win32/components/wch/toolchain/risc-v embedded gcc/bin/../lib/gcc/riscv-none-embed/8.2.0/../../../../riscv-none-embed/lib/rv32imacxw/ilp32\libg_nano.a(lib_a-nano-vfprintf_i.o)
                0x0000000000005058                _printf_common
 .text._printf_i
                0x0000000000005164      0x2a4 d:/mounriver/mounriver_studio2/resources/app/resources/win32/components/wch/toolchain/risc-v embedded gcc/bin/../lib/gcc/riscv-none-embed/8.2.0/../../../../riscv-none-embed/lib/rv32imacxw/ilp32\libg_nano.a(lib_a-nano-vfprintf_i.o)
                0x0000000000005164                _printf_i
 .text._sbrk_r  0x0000000000005408       0x32 d:/mounriver/mounriver_studio2/resources/app/resources/win32/components/wch/toolchain/risc-v embedded gcc/bin/../lib/gcc/riscv-none-embed/8.2.0/../../../../riscv-none-embed/lib/rv32imacxw/ilp32\libg_nano.a(lib_a-sbrkr.o)
                0x0000000000005408                _sbrk_r
 .text.__sread  0x000000000000543a       0x2c d:/mounriver/mounriver_studio2/resources/app/resources/win32/components/wch/toolchain/risc-v embedded gcc/bin/../lib/gcc/riscv-none-embed/8.2.0/../../../../riscv-none-embed/lib/rv32imacxw/ilp32\libg_nano.a(lib_a-stdio.o)
                0x000000000000543a                __sread
 .text.__swrite
                0x0000000000005466       0x48 d:/mounriver/mounriver_studio2/resources/app/resources/win32/components/wch/toolchain/risc-v embedded gcc/bin/../lib/gcc/riscv-none-embed/8.2.0/../../../../riscv-none-embed/lib/rv32imacxw/ilp32\libg_nano.a(lib_a-stdio.o)
                0x0000000000005466                __swrite
 .text.__sseek  0x00000000000054ae       0x30 d:/mounriver/mounriver_studio2/resources/app/resources/win32/components/wch/toolchain/risc-v embedded gcc/bin/../lib/gcc/riscv-none-embed/8.2.0/../../../../riscv-none-embed/lib/rv32imacxw/ilp32\libg_nano.a(lib_a-stdio.o)
                0x00000000000054ae                __sseek
 .text.__sclose
                0x00000000000054de        0x6 d:/mounriver/mounriver_studio2/resources/app/resources/win32/components/wch/toolchain/risc-v embedded gcc/bin/../lib/gcc/riscv-none-embed/8.2.0/../../../../riscv-none-embed/lib/rv32imacxw/ilp32\libg_nano.a(lib_a-stdio.o)
                0x00000000000054de                __sclose
 .text._write_r
                0x00000000000054e4       0x36 d:/mounriver/mounriver_studio2/resources/app/resources/win32/components/wch/toolchain/risc-v embedded gcc/bin/../lib/gcc/riscv-none-embed/8.2.0/../../../../riscv-none-embed/lib/rv32imacxw/ilp32\libg_nano.a(lib_a-writer.o)
                0x00000000000054e4                _write_r
 .text._close_r
                0x000000000000551a       0x30 d:/mounriver/mounriver_studio2/resources/app/resources/win32/components/wch/toolchain/risc-v embedded gcc/bin/../lib/gcc/riscv-none-embed/8.2.0/../../../../riscv-none-embed/lib/rv32imacxw/ilp32\libg_nano.a(lib_a-closer.o)
                0x000000000000551a                _close_r
 .text._fstat_r
                0x000000000000554a       0x32 d:/mounriver/mounriver_studio2/resources/app/resources/win32/components/wch/toolchain/risc-v embedded gcc/bin/../lib/gcc/riscv-none-embed/8.2.0/../../../../riscv-none-embed/lib/rv32imacxw/ilp32\libg_nano.a(lib_a-fstatr.o)
                0x000000000000554a                _fstat_r
 .text._isatty_r
                0x000000000000557c       0x30 d:/mounriver/mounriver_studio2/resources/app/resources/win32/components/wch/toolchain/risc-v embedded gcc/bin/../lib/gcc/riscv-none-embed/8.2.0/../../../../riscv-none-embed/lib/rv32imacxw/ilp32\libg_nano.a(lib_a-isattyr.o)
                0x000000000000557c                _isatty_r
 .text._lseek_r
                0x00000000000055ac       0x34 d:/mounriver/mounriver_studio2/resources/app/resources/win32/components/wch/toolchain/risc-v embedded gcc/bin/../lib/gcc/riscv-none-embed/8.2.0/../../../../riscv-none-embed/lib/rv32imacxw/ilp32\libg_nano.a(lib_a-lseekr.o)
                0x00000000000055ac                _lseek_r
 .text.__malloc_lock
                0x00000000000055e0        0x2 d:/mounriver/mounriver_studio2/resources/app/resources/win32/components/wch/toolchain/risc-v embedded gcc/bin/../lib/gcc/riscv-none-embed/8.2.0/../../../../riscv-none-embed/lib/rv32imacxw/ilp32\libg_nano.a(lib_a-mlock.o)
                0x00000000000055e0                __malloc_lock
 .text.__malloc_unlock
                0x00000000000055e2        0x2 d:/mounriver/mounriver_studio2/resources/app/resources/win32/components/wch/toolchain/risc-v embedded gcc/bin/../lib/gcc/riscv-none-embed/8.2.0/../../../../riscv-none-embed/lib/rv32imacxw/ilp32\libg_nano.a(lib_a-mlock.o)
                0x00000000000055e2                __malloc_unlock
 .text._read_r  0x00000000000055e4       0x34 d:/mounriver/mounriver_studio2/resources/app/resources/win32/components/wch/toolchain/risc-v embedded gcc/bin/../lib/gcc/riscv-none-embed/8.2.0/../../../../riscv-none-embed/lib/rv32imacxw/ilp32\libg_nano.a(lib_a-readr.o)
                0x00000000000055e4                _read_r
 .text._close   0x0000000000005618       0x10 d:/mounriver/mounriver_studio2/resources/app/resources/win32/components/wch/toolchain/risc-v embedded gcc/bin/../lib/gcc/riscv-none-embed/8.2.0/../../../../riscv-none-embed/lib/rv32imacxw/ilp32\libnosys.a(close.o)
                0x0000000000005618                _close
 .text._fstat   0x0000000000005628       0x10 d:/mounriver/mounriver_studio2/resources/app/resources/win32/components/wch/toolchain/risc-v embedded gcc/bin/../lib/gcc/riscv-none-embed/8.2.0/../../../../riscv-none-embed/lib/rv32imacxw/ilp32\libnosys.a(fstat.o)
                0x0000000000005628                _fstat
 .text._isatty  0x0000000000005638       0x10 d:/mounriver/mounriver_studio2/resources/app/resources/win32/components/wch/toolchain/risc-v embedded gcc/bin/../lib/gcc/riscv-none-embed/8.2.0/../../../../riscv-none-embed/lib/rv32imacxw/ilp32\libnosys.a(isatty.o)
                0x0000000000005638                _isatty
 .text._lseek   0x0000000000005648       0x10 d:/mounriver/mounriver_studio2/resources/app/resources/win32/components/wch/toolchain/risc-v embedded gcc/bin/../lib/gcc/riscv-none-embed/8.2.0/../../../../riscv-none-embed/lib/rv32imacxw/ilp32\libnosys.a(lseek.o)
                0x0000000000005648                _lseek
 .text._read    0x0000000000005658       0x10 d:/mounriver/mounriver_studio2/resources/app/resources/win32/components/wch/toolchain/risc-v embedded gcc/bin/../lib/gcc/riscv-none-embed/8.2.0/../../../../riscv-none-embed/lib/rv32imacxw/ilp32\libnosys.a(read.o)
                0x0000000000005658                _read
 *(.rodata)
 *(.rodata*)
 .rodata.HUB_Port_PreEnum1.str1.4
                0x0000000000005668       0x4d ./User/USB_Host/app_km.o
 *fill*         0x00000000000056b5        0x3 
 .rodata.HUB_Port_PreEnum2.str1.4
                0x00000000000056b8       0x4c ./User/USB_Host/app_km.o
 .rodata.KM_DealHidReportDesc.str1.4
                0x0000000000005704       0x68 ./User/USB_Host/app_km.o
 .rodata.USBH_EnumHidDevice.str1.4
                0x000000000000576c        0xb ./User/USB_Host/app_km.o
 *fill*         0x0000000000005777        0x1 
 .rodata.USBH_EnumHubDevice.str1.4
                0x0000000000005778       0xa4 ./User/USB_Host/app_km.o
 .rodata.USBH_EnumHubPortDevice.str1.4
                0x000000000000581c       0x48 ./User/USB_Host/app_km.o
 .rodata.USBH_EnumRootDevice.str1.4
                0x0000000000005864       0x8a ./User/USB_Host/app_km.o
                                         0x8e (size before relaxing)
 *fill*         0x00000000000058ee        0x2 
 .rodata.USBH_MainDeal.str1.4
                0x00000000000058f0      0x19f ./User/USB_Host/app_km.o
 *fill*         0x0000000000005a8f        0x1 
 .rodata.USBH_MouseBridge_StoreReport.constprop.14.str1.4
                0x0000000000005a90       0x67 ./User/USB_Host/app_km.o
 *fill*         0x0000000000005af7        0x1 
 .rodata.USBH_PrintFsDiag.str1.4
                0x0000000000005af8       0xe3 ./User/USB_Host/app_km.o
 *fill*         0x0000000000005bdb        0x1 
 .rodata.main.str1.4
                0x0000000000005bdc      0x1a7 ./User/main.o
 *fill*         0x0000000000005d83        0x1 
 .rodata.SubMouseSerial_Init.str1.4
                0x0000000000005d84       0x34 ./User/submouse_serial.o
 .rodata.SubMouseSerial_SendAlive.str1.4
                0x0000000000005db8        0xf ./User/submouse_serial.o
 *fill*         0x0000000000005dc7        0x1 
 .rodata.SubMouseSerial_Task.str1.4
                0x0000000000005dc8       0x55 ./User/submouse_serial.o
 *fill*         0x0000000000005e1d        0x3 
 .rodata.USBHS_IRQHandler
                0x0000000000005e20       0x30 ./User/usbd_hs_mouse.o
 .rodata.USBHSD_Mouse_Init.str1.4
                0x0000000000005e50       0x26 ./User/usbd_hs_mouse.o
 *fill*         0x0000000000005e76        0x2 
 .rodata.hs_config_desc
                0x0000000000005e78       0x22 ./User/usbd_hs_mouse.o
 *fill*         0x0000000000005e9a        0x2 
 .rodata.hs_device_desc
                0x0000000000005e9c       0x12 ./User/usbd_hs_mouse.o
 *fill*         0x0000000000005eae        0x2 
 .rodata.hs_manu_desc
                0x0000000000005eb0        0xe ./User/usbd_hs_mouse.o
 *fill*         0x0000000000005ebe        0x2 
 .rodata.hs_mouse_report_desc
                0x0000000000005ec0       0x34 ./User/usbd_hs_mouse.o
 .rodata.hs_prod_desc
                0x0000000000005ef4       0x1a ./User/usbd_hs_mouse.o
 *fill*         0x0000000000005f0e        0x2 
 .rodata.hs_qualifier_desc
                0x0000000000005f10        0xa ./User/usbd_hs_mouse.o
 *fill*         0x0000000000005f1a        0x2 
 .rodata.hs_ser_desc
                0x0000000000005f1c        0xa ./User/usbd_hs_mouse.o
 *fill*         0x0000000000005f26        0x2 
 .rodata.__sf_fake_stderr
                0x0000000000005f28       0x20 d:/mounriver/mounriver_studio2/resources/app/resources/win32/components/wch/toolchain/risc-v embedded gcc/bin/../lib/gcc/riscv-none-embed/8.2.0/../../../../riscv-none-embed/lib/rv32imacxw/ilp32\libg_nano.a(lib_a-findfp.o)
                0x0000000000005f28                __sf_fake_stderr
 .rodata.__sf_fake_stdin
                0x0000000000005f48       0x20 d:/mounriver/mounriver_studio2/resources/app/resources/win32/components/wch/toolchain/risc-v embedded gcc/bin/../lib/gcc/riscv-none-embed/8.2.0/../../../../riscv-none-embed/lib/rv32imacxw/ilp32\libg_nano.a(lib_a-findfp.o)
                0x0000000000005f48                __sf_fake_stdin
 .rodata.__sf_fake_stdout
                0x0000000000005f68       0x20 d:/mounriver/mounriver_studio2/resources/app/resources/win32/components/wch/toolchain/risc-v embedded gcc/bin/../lib/gcc/riscv-none-embed/8.2.0/../../../../riscv-none-embed/lib/rv32imacxw/ilp32\libg_nano.a(lib_a-findfp.o)
                0x0000000000005f68                __sf_fake_stdout
 .rodata._vfprintf_r.str1.4
                0x0000000000005f88       0x13 d:/mounriver/mounriver_studio2/resources/app/resources/win32/components/wch/toolchain/risc-v embedded gcc/bin/../lib/gcc/riscv-none-embed/8.2.0/../../../../riscv-none-embed/lib/rv32imacxw/ilp32\libg_nano.a(lib_a-nano-vfprintf.o)
 *fill*         0x0000000000005f9b        0x1 
 .rodata._printf_i.str1.4
                0x0000000000005f9c       0x28 d:/mounriver/mounriver_studio2/resources/app/resources/win32/components/wch/toolchain/risc-v embedded gcc/bin/../lib/gcc/riscv-none-embed/8.2.0/../../../../riscv-none-embed/lib/rv32imacxw/ilp32\libg_nano.a(lib_a-nano-vfprintf_i.o)
                                         0x25 (size before relaxing)
 *(.gnu.linkonce.t.*)
                0x0000000000005fc4                . = ALIGN (0x4)

.rela.dyn       0x0000000000005fc4        0x0
 .rela.init     0x0000000000005fc4        0x0 ./User/USB_Host/app_km.o
 .rela.vector   0x0000000000005fc4        0x0 ./User/USB_Host/app_km.o
 .rela.text.handle_reset
                0x0000000000005fc4        0x0 ./User/USB_Host/app_km.o
 .rela.text._sbrk
                0x0000000000005fc4        0x0 ./User/USB_Host/app_km.o
 .rela.sdata.curbrk.5377
                0x0000000000005fc4        0x0 ./User/USB_Host/app_km.o
 .rela.text._vfprintf_r
                0x0000000000005fc4        0x0 ./User/USB_Host/app_km.o
 .rela.text._sbrk_r
                0x0000000000005fc4        0x0 ./User/USB_Host/app_km.o
 .rela.text._write_r
                0x0000000000005fc4        0x0 ./User/USB_Host/app_km.o
 .rela.text._close_r
                0x0000000000005fc4        0x0 ./User/USB_Host/app_km.o
 .rela.text._fstat_r
                0x0000000000005fc4        0x0 ./User/USB_Host/app_km.o
 .rela.text._isatty_r
                0x0000000000005fc4        0x0 ./User/USB_Host/app_km.o
 .rela.text._lseek_r
                0x0000000000005fc4        0x0 ./User/USB_Host/app_km.o
 .rela.text._read_r
                0x0000000000005fc4        0x0 ./User/USB_Host/app_km.o
 .rela.text._close
                0x0000000000005fc4        0x0 ./User/USB_Host/app_km.o
 .rela.text._fstat
                0x0000000000005fc4        0x0 ./User/USB_Host/app_km.o
 .rela.text._isatty
                0x0000000000005fc4        0x0 ./User/USB_Host/app_km.o
 .rela.text._lseek
                0x0000000000005fc4        0x0 ./User/USB_Host/app_km.o
 .rela.text._read
                0x0000000000005fc4        0x0 ./User/USB_Host/app_km.o

.fini           0x0000000000005fc4        0x0
 *(SORT_NONE(.fini))
                0x0000000000005fc4                . = ALIGN (0x4)
                [!provide]                        PROVIDE (_etext = .)
                [!provide]                        PROVIDE (_eitcm = .)

.preinit_array  0x0000000000005fc4        0x0
                [!provide]                        PROVIDE (__preinit_array_start = .)
 *(.preinit_array)
                [!provide]                        PROVIDE (__preinit_array_end = .)

.init_array     0x0000000000005fc4        0x0
                [!provide]                        PROVIDE (__init_array_start = .)
 *(SORT_BY_INIT_PRIORITY(.init_array.*) SORT_BY_INIT_PRIORITY(.ctors.*))
 *(.init_array EXCLUDE_FILE(*crtend?.o *crtend.o *crtbegin?.o *crtbegin.o) .ctors)
                [!provide]                        PROVIDE (__init_array_end = .)

.fini_array     0x0000000000005fc4        0x0
                [!provide]                        PROVIDE (__fini_array_start = .)
 *(SORT_BY_INIT_PRIORITY(.fini_array.*) SORT_BY_INIT_PRIORITY(.dtors.*))
 *(.fini_array EXCLUDE_FILE(*crtend?.o *crtend.o *crtbegin?.o *crtbegin.o) .dtors)
                [!provide]                        PROVIDE (__fini_array_end = .)

.ctors
 *crtbegin.o(.ctors)
 *crtbegin?.o(.ctors)
 *(EXCLUDE_FILE(*crtend?.o *crtend.o) .ctors)
 *(SORT_BY_NAME(.ctors.*))
 *(.ctors)

.dtors
 *crtbegin.o(.dtors)
 *crtbegin?.o(.dtors)
 *(EXCLUDE_FILE(*crtend?.o *crtend.o) .dtors)
 *(SORT_BY_NAME(.dtors.*))
 *(.dtors)

.dalign         0x0000000020000000        0x0 load address 0x0000000000005fc4
                0x0000000020000000                . = ALIGN (0x4)
                0x0000000020000000                PROVIDE (_data_vma = .)

.dlalign        0x0000000000005fc4        0x0
                0x0000000000005fc4                . = ALIGN (0x4)
                0x0000000000005fc4                PROVIDE (_data_lma = .)

.data           0x0000000020000000      0x100 load address 0x0000000000005fc4
 *(.gnu.linkonce.r.*)
 *(.data .data.*)
 .data.AHBPrescTable
                0x0000000020000000       0x10 ./User/system_ch32v30x.o
                0x0000000020000000                AHBPrescTable
 .data.APBAHBPrescTable
                0x0000000020000010       0x10 ./Peripheral/src/ch32v30x_rcc.o
 .data.impure_data
                0x0000000020000020       0x60 d:/mounriver/mounriver_studio2/resources/app/resources/win32/components/wch/toolchain/risc-v embedded gcc/bin/../lib/gcc/riscv-none-embed/8.2.0/../../../../riscv-none-embed/lib/rv32imacxw/ilp32\libg_nano.a(lib_a-impure.o)
 *(.gnu.linkonce.d.*)
                0x0000000020000080                . = ALIGN (0x8)
                0x0000000020000880                PROVIDE (__global_pointer$ = (. + 0x800))
 *(.sdata .sdata.*)
 .sdata.SystemCoreClock
                0x0000000020000080        0x4 ./User/system_ch32v30x.o
                0x0000000020000080                SystemCoreClock
 .sdata.ADCPrescTable
                0x0000000020000084        0x4 ./Peripheral/src/ch32v30x_rcc.o
 .sdata.curbrk.5377
                0x0000000020000088        0x4 ./Debug/debug.o
 .sdata._impure_ptr
                0x000000002000008c        0x4 d:/mounriver/mounriver_studio2/resources/app/resources/win32/components/wch/toolchain/risc-v embedded gcc/bin/../lib/gcc/riscv-none-embed/8.2.0/../../../../riscv-none-embed/lib/rv32imacxw/ilp32\libg_nano.a(lib_a-impure.o)
                0x000000002000008c                _impure_ptr
 *(.sdata2.*)
 .sdata2.SetupClearEndpStall
                0x0000000020000090        0x8 ./User/USB_Host/ch32v30x_usbfs_host.o
 .sdata2.SetupGetCfgDesc
                0x0000000020000098        0x8 ./User/USB_Host/ch32v30x_usbfs_host.o
 .sdata2.SetupGetDevDesc
                0x00000000200000a0        0x8 ./User/USB_Host/ch32v30x_usbfs_host.o
 .sdata2.SetupGetStrDesc
                0x00000000200000a8        0x8 ./User/USB_Host/ch32v30x_usbfs_host.o
 .sdata2.SetupSetAddr
                0x00000000200000b0        0x8 ./User/USB_Host/ch32v30x_usbfs_host.o
 .sdata2.SetupSetConfig
                0x00000000200000b8        0x8 ./User/USB_Host/ch32v30x_usbfs_host.o
 .sdata2.SetupGetHidDes
                0x00000000200000c0        0x8 ./User/USB_Host/usb_host_hid.o
 .sdata2.SetupSetReport
                0x00000000200000c8        0x8 ./User/USB_Host/usb_host_hid.o
 .sdata2.SetupSetidle
                0x00000000200000d0        0x8 ./User/USB_Host/usb_host_hid.o
 .sdata2.ClearPortFeature
                0x00000000200000d8        0x8 ./User/USB_Host/usb_host_hub.o
 .sdata2.GetHubDescr
                0x00000000200000e0        0x8 ./User/USB_Host/usb_host_hub.o
 .sdata2.GetPortStatus
                0x00000000200000e8        0x8 ./User/USB_Host/usb_host_hub.o
 .sdata2.SetPortFeature
                0x00000000200000f0        0x8 ./User/USB_Host/usb_host_hub.o
 .sdata2.hs_lang_desc
                0x00000000200000f8        0x4 ./User/usbd_hs_mouse.o
 .sdata2._global_impure_ptr
                0x00000000200000fc        0x4 d:/mounriver/mounriver_studio2/resources/app/resources/win32/components/wch/toolchain/risc-v embedded gcc/bin/../lib/gcc/riscv-none-embed/8.2.0/../../../../riscv-none-embed/lib/rv32imacxw/ilp32\libg_nano.a(lib_a-impure.o)
                0x00000000200000fc                _global_impure_ptr
 *(.gnu.linkonce.s.*)
                0x0000000020000100                . = ALIGN (0x8)
 *(.srodata.cst16)
 *(.srodata.cst8)
 *(.srodata.cst4)
 *(.srodata.cst2)
 *(.srodata .srodata.*)
                0x0000000020000100                . = ALIGN (0x4)
                0x0000000020000100                PROVIDE (_edata = .)

.bss            0x0000000020000100     0x13d4 load address 0x00000000000060c4
                0x0000000020000100                . = ALIGN (0x4)
                0x0000000020000100                PROVIDE (_sbss = .)
 *(.sbss*)
 .sbss.Bridge_MouseReport
                0x0000000020000100        0x8 ./User/USB_Host/app_km.o
 .sbss.Bridge_MouseReportCount
                0x0000000020000108        0x4 ./User/USB_Host/app_km.o
 .sbss.Bridge_MouseReportValid
                0x000000002000010c        0x1 ./User/USB_Host/app_km.o
 .sbss.USBFSH_LastHostCtrl
                0x000000002000010d        0x1 ./User/USB_Host/ch32v30x_usbfs_host.o
                0x000000002000010d                USBFSH_LastHostCtrl
 .sbss.USBFSH_LastHostSetup
                0x000000002000010e        0x2 ./User/USB_Host/ch32v30x_usbfs_host.o
                0x000000002000010e                USBFSH_LastHostSetup
 .sbss.USBFSH_LastIntFg
                0x0000000020000110        0x1 ./User/USB_Host/ch32v30x_usbfs_host.o
                0x0000000020000110                USBFSH_LastIntFg
 .sbss.USBFSH_LastIntSt
                0x0000000020000111        0x1 ./User/USB_Host/ch32v30x_usbfs_host.o
                0x0000000020000111                USBFSH_LastIntSt
 .sbss.USBFSH_LastMisSt
                0x0000000020000112        0x1 ./User/USB_Host/ch32v30x_usbfs_host.o
                0x0000000020000112                USBFSH_LastMisSt
 .sbss.USBFSH_LastPid
                0x0000000020000113        0x1 ./User/USB_Host/ch32v30x_usbfs_host.o
                0x0000000020000113                USBFSH_LastPid
 .sbss.USBFSH_LastRet
                0x0000000020000114        0x1 ./User/USB_Host/ch32v30x_usbfs_host.o
                0x0000000020000114                USBFSH_LastRet
 *fill*         0x0000000020000115        0x1 
 .sbss.USBFSH_LastRxLen
                0x0000000020000116        0x2 ./User/USB_Host/ch32v30x_usbfs_host.o
                0x0000000020000116                USBFSH_LastRxLen
 .sbss.USBFSH_LastTog
                0x0000000020000118        0x1 ./User/USB_Host/ch32v30x_usbfs_host.o
                0x0000000020000118                USBFSH_LastTog
 *fill*         0x0000000020000119        0x1 
 .sbss.USBFSH_LastWaitLeft
                0x000000002000011a        0x2 ./User/USB_Host/ch32v30x_usbfs_host.o
                0x000000002000011a                USBFSH_LastWaitLeft
 .sbss.alive_ms.5865
                0x000000002000011c        0x2 ./User/main.o
 .sbss.bad_checksum_count
                0x000000002000011e        0x2 ./User/submouse_serial.o
 .sbss.pending_report
                0x0000000020000120        0x8 ./User/submouse_serial.o
 .sbss.pending_valid
                0x0000000020000128        0x1 ./User/submouse_serial.o
 .sbss.pos.5390
                0x0000000020000129        0x1 ./User/submouse_serial.o
 .sbss.rx_r     0x000000002000012a        0x1 ./User/submouse_serial.o
 .sbss.rx_w     0x000000002000012b        0x1 ./User/submouse_serial.o
 .sbss.ctrl_len
                0x000000002000012c        0x2 ./User/usbd_hs_mouse.o
 *fill*         0x000000002000012e        0x2 
 .sbss.ctrl_ptr
                0x0000000020000130        0x4 ./User/usbd_hs_mouse.o
 .sbss.dev_addr
                0x0000000020000134        0x1 ./User/usbd_hs_mouse.o
 .sbss.dev_config
                0x0000000020000135        0x1 ./User/usbd_hs_mouse.o
 .sbss.diag_last_index
                0x0000000020000136        0x2 ./User/usbd_hs_mouse.o
 .sbss.diag_last_intflag
                0x0000000020000138        0x1 ./User/usbd_hs_mouse.o
 .sbss.diag_last_intst
                0x0000000020000139        0x1 ./User/usbd_hs_mouse.o
 .sbss.diag_last_length
                0x000000002000013a        0x2 ./User/usbd_hs_mouse.o
 .sbss.diag_last_req
                0x000000002000013c        0x1 ./User/usbd_hs_mouse.o
 .sbss.diag_last_req_type
                0x000000002000013d        0x1 ./User/usbd_hs_mouse.o
 .sbss.diag_last_value
                0x000000002000013e        0x2 ./User/usbd_hs_mouse.o
 .sbss.diag_reset_count
                0x0000000020000140        0x4 ./User/usbd_hs_mouse.o
 .sbss.diag_set_addr_count
                0x0000000020000144        0x4 ./User/usbd_hs_mouse.o
 .sbss.diag_set_config_count
                0x0000000020000148        0x4 ./User/usbd_hs_mouse.o
 .sbss.diag_setup_count
                0x000000002000014c        0x4 ./User/usbd_hs_mouse.o
 .sbss.ep1_busy
                0x0000000020000150        0x1 ./User/usbd_hs_mouse.o
 .sbss.hid_idle
                0x0000000020000151        0x1 ./User/usbd_hs_mouse.o
 .sbss.hid_protocol
                0x0000000020000152        0x1 ./User/usbd_hs_mouse.o
 .sbss.setup_code
                0x0000000020000153        0x1 ./User/usbd_hs_mouse.o
 .sbss.setup_index
                0x0000000020000154        0x2 ./User/usbd_hs_mouse.o
 .sbss.setup_length
                0x0000000020000156        0x2 ./User/usbd_hs_mouse.o
 .sbss.setup_type
                0x0000000020000158        0x1 ./User/usbd_hs_mouse.o
 *fill*         0x0000000020000159        0x1 
 .sbss.setup_value
                0x000000002000015a        0x2 ./User/usbd_hs_mouse.o
 .sbss.NVIC_Priority_Group
                0x000000002000015c        0x4 ./Peripheral/src/ch32v30x_misc.o
                0x000000002000015c                NVIC_Priority_Group
 .sbss.p_ms     0x0000000020000160        0x2 ./Debug/debug.o
 .sbss.p_us     0x0000000020000162        0x1 ./Debug/debug.o
 *fill*         0x0000000020000163        0x1 
 .sbss.__malloc_free_list
                0x0000000020000164        0x4 d:/mounriver/mounriver_studio2/resources/app/resources/win32/components/wch/toolchain/risc-v embedded gcc/bin/../lib/gcc/riscv-none-embed/8.2.0/../../../../riscv-none-embed/lib/rv32imacxw/ilp32\libg_nano.a(lib_a-nano-mallocr.o)
                0x0000000020000164                __malloc_free_list
 .sbss.__malloc_sbrk_start
                0x0000000020000168        0x4 d:/mounriver/mounriver_studio2/resources/app/resources/win32/components/wch/toolchain/risc-v embedded gcc/bin/../lib/gcc/riscv-none-embed/8.2.0/../../../../riscv-none-embed/lib/rv32imacxw/ilp32\libg_nano.a(lib_a-nano-mallocr.o)
                0x0000000020000168                __malloc_sbrk_start
 *(.gnu.linkonce.sb.*)
 *(.bss*)
 .bss.Bridge_MouseMap
                0x000000002000016c      0x320 ./User/USB_Host/app_km.o
 .bss.Com_Buf   0x000000002000048c      0x400 ./User/USB_Host/app_km.o
                0x000000002000048c                Com_Buf
 .bss.DevDesc_Buf
                0x000000002000088c       0x12 ./User/USB_Host/app_km.o
                0x000000002000088c                DevDesc_Buf
 *fill*         0x000000002000089e        0x2 
 .bss.HostCtl   0x00000000200008a0      0xa64 ./User/USB_Host/app_km.o
                0x00000000200008a0                HostCtl
 .bss.RootHubDev
                0x0000000020001304       0x3e ./User/USB_Host/app_km.o
                0x0000000020001304                RootHubDev
 *fill*         0x0000000020001342        0x2 
 .bss.USBFS_RX_Buf
                0x0000000020001344       0x40 ./User/USB_Host/ch32v30x_usbfs_host.o
                0x0000000020001344                USBFS_RX_Buf
 .bss.USBFS_TX_Buf
                0x0000000020001384       0x40 ./User/USB_Host/ch32v30x_usbfs_host.o
                0x0000000020001384                USBFS_TX_Buf
 .bss.frame.5389
                0x00000000200013c4        0xa ./User/submouse_serial.o
 *fill*         0x00000000200013ce        0x2 
 .bss.rx_buf    0x00000000200013d0       0x80 ./User/submouse_serial.o
 .bss.ep0_buf   0x0000000020001450       0x40 ./User/usbd_hs_mouse.o
 .bss.ep1_buf   0x0000000020001490       0x40 ./User/usbd_hs_mouse.o
 *(.gnu.linkonce.b.*)
 *(COMMON*)
 COMMON         0x00000000200014d0        0x4 d:/mounriver/mounriver_studio2/resources/app/resources/win32/components/wch/toolchain/risc-v embedded gcc/bin/../lib/gcc/riscv-none-embed/8.2.0/../../../../riscv-none-embed/lib/rv32imacxw/ilp32\libg_nano.a(lib_a-reent.o)
                0x00000000200014d0                errno
                0x00000000200014d4                . = ALIGN (0x4)
                0x00000000200014d4                PROVIDE (_ebss = .)
                0x00000000200014d4                PROVIDE (_end = _ebss)
                [!provide]                        PROVIDE (end = .)

.stack          0x0000000020007800      0x800
                0x0000000020007800                PROVIDE (_heap_end = .)
                0x0000000020007800                . = ALIGN (0x4)
                [!provide]                        PROVIDE (_susrstack = .)
                0x0000000020008000                . = (. + __stack_size)
 *fill*         0x0000000020007800      0x800 
                0x0000000020008000                PROVIDE (_eusrstack = .)
OUTPUT(HOST_KM_BRIDGE.elf elf32-littleriscv)

.debug_info     0x0000000000000000    0x17d1f
 .debug_info    0x0000000000000000     0x4ff5 ./User/USB_Host/app_km.o
 .debug_info    0x0000000000004ff5     0x1e28 ./User/USB_Host/ch32v30x_usbfs_host.o
 .debug_info    0x0000000000006e1d     0x1072 ./User/USB_Host/usb_host_hid.o
 .debug_info    0x0000000000007e8f     0x10ee ./User/USB_Host/usb_host_hub.o
 .debug_info    0x0000000000008f7d      0xbc0 ./User/ch32v30x_it.o
 .debug_info    0x0000000000009b3d     0x145c ./User/main.o
 .debug_info    0x000000000000af99     0x1425 ./User/submouse_serial.o
 .debug_info    0x000000000000c3be      0xba5 ./User/system_ch32v30x.o
 .debug_info    0x000000000000cf63     0x1de7 ./User/usbd_hs_mouse.o
 .debug_info    0x000000000000ed4a       0x22 ./Startup/startup_ch32v30x_D8C.o
 .debug_info    0x000000000000ed6c      0xa94 ./Peripheral/src/ch32v30x_dbgmcu.o
 .debug_info    0x000000000000f800     0x12aa ./Peripheral/src/ch32v30x_gpio.o
 .debug_info    0x0000000000010aaa      0xf5b ./Peripheral/src/ch32v30x_misc.o
 .debug_info    0x0000000000011a05     0x158a ./Peripheral/src/ch32v30x_rcc.o
 .debug_info    0x0000000000012f8f     0x2a54 ./Peripheral/src/ch32v30x_tim.o
 .debug_info    0x00000000000159e3     0x13cd ./Peripheral/src/ch32v30x_usart.o
 .debug_info    0x0000000000016db0      0xf6f ./Debug/debug.o

.debug_abbrev   0x0000000000000000     0x35ca
 .debug_abbrev  0x0000000000000000      0x5a1 ./User/USB_Host/app_km.o
 .debug_abbrev  0x00000000000005a1      0x4cb ./User/USB_Host/ch32v30x_usbfs_host.o
 .debug_abbrev  0x0000000000000a6c      0x269 ./User/USB_Host/usb_host_hid.o
 .debug_abbrev  0x0000000000000cd5      0x287 ./User/USB_Host/usb_host_hub.o
 .debug_abbrev  0x0000000000000f5c      0x22c ./User/ch32v30x_it.o
 .debug_abbrev  0x0000000000001188      0x2f2 ./User/main.o
 .debug_abbrev  0x000000000000147a      0x37f ./User/submouse_serial.o
 .debug_abbrev  0x00000000000017f9      0x2c0 ./User/system_ch32v30x.o
 .debug_abbrev  0x0000000000001ab9      0x4bd ./User/usbd_hs_mouse.o
 .debug_abbrev  0x0000000000001f76       0x12 ./Startup/startup_ch32v30x_D8C.o
 .debug_abbrev  0x0000000000001f88      0x2f7 ./Peripheral/src/ch32v30x_dbgmcu.o
 .debug_abbrev  0x000000000000227f      0x31a ./Peripheral/src/ch32v30x_gpio.o
 .debug_abbrev  0x0000000000002599      0x2da ./Peripheral/src/ch32v30x_misc.o
 .debug_abbrev  0x0000000000002873      0x351 ./Peripheral/src/ch32v30x_rcc.o
 .debug_abbrev  0x0000000000002bc4      0x3ff ./Peripheral/src/ch32v30x_tim.o
 .debug_abbrev  0x0000000000002fc3      0x312 ./Peripheral/src/ch32v30x_usart.o
 .debug_abbrev  0x00000000000032d5      0x2f5 ./Debug/debug.o

.debug_loc      0x0000000000000000     0x7855
 .debug_loc     0x0000000000000000     0x2f0e ./User/USB_Host/app_km.o
 .debug_loc     0x0000000000002f0e      0x7d7 ./User/USB_Host/ch32v30x_usbfs_host.o
 .debug_loc     0x00000000000036e5      0x37c ./User/USB_Host/usb_host_hid.o
 .debug_loc     0x0000000000003a61      0x3dd ./User/USB_Host/usb_host_hub.o
 .debug_loc     0x0000000000003e3e       0x78 ./User/main.o
 .debug_loc     0x0000000000003eb6      0x12f ./User/submouse_serial.o
 .debug_loc     0x0000000000003fe5       0xda ./User/system_ch32v30x.o
 .debug_loc     0x00000000000040bf      0x30c ./User/usbd_hs_mouse.o
 .debug_loc     0x00000000000043cb       0x7c ./Peripheral/src/ch32v30x_dbgmcu.o
 .debug_loc     0x0000000000004447      0x72b ./Peripheral/src/ch32v30x_gpio.o
 .debug_loc     0x0000000000004b72       0x61 ./Peripheral/src/ch32v30x_misc.o
 .debug_loc     0x0000000000004bd3      0xadb ./Peripheral/src/ch32v30x_rcc.o
 .debug_loc     0x00000000000056ae     0x18b7 ./Peripheral/src/ch32v30x_tim.o
 .debug_loc     0x0000000000006f65      0x779 ./Peripheral/src/ch32v30x_usart.o
 .debug_loc     0x00000000000076de      0x177 ./Debug/debug.o

.debug_aranges  0x0000000000000000      0xa60
 .debug_aranges
                0x0000000000000000      0x130 ./User/USB_Host/app_km.o
 .debug_aranges
                0x0000000000000130       0xc0 ./User/USB_Host/ch32v30x_usbfs_host.o
 .debug_aranges
                0x00000000000001f0       0x30 ./User/USB_Host/usb_host_hid.o
 .debug_aranges
                0x0000000000000220       0x38 ./User/USB_Host/usb_host_hub.o
 .debug_aranges
                0x0000000000000258       0x28 ./User/ch32v30x_it.o
 .debug_aranges
                0x0000000000000280       0x20 ./User/main.o
 .debug_aranges
                0x00000000000002a0       0x40 ./User/submouse_serial.o
 .debug_aranges
                0x00000000000002e0       0x28 ./User/system_ch32v30x.o
 .debug_aranges
                0x0000000000000308       0x50 ./User/usbd_hs_mouse.o
 .debug_aranges
                0x0000000000000358       0x30 ./Startup/startup_ch32v30x_D8C.o
 .debug_aranges
                0x0000000000000388       0x48 ./Peripheral/src/ch32v30x_dbgmcu.o
 .debug_aranges
                0x00000000000003d0       0xb0 ./Peripheral/src/ch32v30x_gpio.o
 .debug_aranges
                0x0000000000000480       0x28 ./Peripheral/src/ch32v30x_misc.o
 .debug_aranges
                0x00000000000004a8      0x1a8 ./Peripheral/src/ch32v30x_rcc.o
 .debug_aranges
                0x0000000000000650      0x2d0 ./Peripheral/src/ch32v30x_tim.o
 .debug_aranges
                0x0000000000000920       0xf0 ./Peripheral/src/ch32v30x_usart.o
 .debug_aranges
                0x0000000000000a10       0x50 ./Debug/debug.o

.debug_ranges   0x0000000000000000      0xd38
 .debug_ranges  0x0000000000000000      0x330 ./User/USB_Host/app_km.o
 .debug_ranges  0x0000000000000330       0xc8 ./User/USB_Host/ch32v30x_usbfs_host.o
 .debug_ranges  0x00000000000003f8       0x20 ./User/USB_Host/usb_host_hid.o
 .debug_ranges  0x0000000000000418       0x28 ./User/USB_Host/usb_host_hub.o
 .debug_ranges  0x0000000000000440       0x18 ./User/ch32v30x_it.o
 .debug_ranges  0x0000000000000458       0x40 ./User/main.o
 .debug_ranges  0x0000000000000498       0xe0 ./User/submouse_serial.o
 .debug_ranges  0x0000000000000578       0x38 ./User/system_ch32v30x.o
 .debug_ranges  0x00000000000005b0       0xc8 ./User/usbd_hs_mouse.o
 .debug_ranges  0x0000000000000678       0x28 ./Startup/startup_ch32v30x_D8C.o
 .debug_ranges  0x00000000000006a0       0x50 ./Peripheral/src/ch32v30x_dbgmcu.o
 .debug_ranges  0x00000000000006f0       0xa0 ./Peripheral/src/ch32v30x_gpio.o
 .debug_ranges  0x0000000000000790       0x30 ./Peripheral/src/ch32v30x_misc.o
 .debug_ranges  0x00000000000007c0      0x198 ./Peripheral/src/ch32v30x_rcc.o
 .debug_ranges  0x0000000000000958      0x2c0 ./Peripheral/src/ch32v30x_tim.o
 .debug_ranges  0x0000000000000c18       0xe0 ./Peripheral/src/ch32v30x_usart.o
 .debug_ranges  0x0000000000000cf8       0x40 ./Debug/debug.o

.debug_line     0x0000000000000000    0x11d45
 .debug_line    0x0000000000000000     0x4c1e ./User/USB_Host/app_km.o
 .debug_line    0x0000000000004c1e     0x16e7 ./User/USB_Host/ch32v30x_usbfs_host.o
 .debug_line    0x0000000000006305      0x523 ./User/USB_Host/usb_host_hid.o
 .debug_line    0x0000000000006828      0x5e0 ./User/USB_Host/usb_host_hub.o
 .debug_line    0x0000000000006e08      0x2fe ./User/ch32v30x_it.o
 .debug_line    0x0000000000007106      0x764 ./User/main.o
 .debug_line    0x000000000000786a      0xaf8 ./User/submouse_serial.o
 .debug_line    0x0000000000008362      0x796 ./User/system_ch32v30x.o
 .debug_line    0x0000000000008af8     0x1465 ./User/usbd_hs_mouse.o
 .debug_line    0x0000000000009f5d      0x122 ./Startup/startup_ch32v30x_D8C.o
 .debug_line    0x000000000000a07f      0x3d9 ./Peripheral/src/ch32v30x_dbgmcu.o
 .debug_line    0x000000000000a458     0x129a ./Peripheral/src/ch32v30x_gpio.o
 .debug_line    0x000000000000b6f2      0x418 ./Peripheral/src/ch32v30x_misc.o
 .debug_line    0x000000000000bb0a     0x19cc ./Peripheral/src/ch32v30x_rcc.o
 .debug_line    0x000000000000d4d6     0x31b2 ./Peripheral/src/ch32v30x_tim.o
 .debug_line    0x0000000000010688      0xf39 ./Peripheral/src/ch32v30x_usart.o
 .debug_line    0x00000000000115c1      0x784 ./Debug/debug.o

.debug_str      0x0000000000000000     0x443f
 .debug_str     0x0000000000000000     0x1e35 ./User/USB_Host/app_km.o
                                       0x1feb (size before relaxing)
 .debug_str     0x0000000000001e35      0x1ff ./User/USB_Host/ch32v30x_usbfs_host.o
                                        0xf94 (size before relaxing)
 .debug_str     0x0000000000002034       0x32 ./User/USB_Host/usb_host_hid.o
                                        0xa06 (size before relaxing)
 .debug_str     0x0000000000002066       0x36 ./User/USB_Host/usb_host_hub.o
                                        0xa27 (size before relaxing)
 .debug_str     0x000000000000209c       0x45 ./User/ch32v30x_it.o
                                        0x67a (size before relaxing)
 .debug_str     0x00000000000020e1      0x187 ./User/main.o
                                        0xc61 (size before relaxing)
 .debug_str     0x0000000000002268      0x320 ./User/submouse_serial.o
                                        0xfca (size before relaxing)
 .debug_str     0x0000000000002588      0x100 ./User/system_ch32v30x.o
                                        0x6d6 (size before relaxing)
 .debug_str     0x0000000000002688      0x770 ./User/usbd_hs_mouse.o
                                       0x160b (size before relaxing)
 .debug_str     0x0000000000002df8       0x2e ./Startup/startup_ch32v30x_D8C.o
                                         0x4f (size before relaxing)
 .debug_str     0x0000000000002e26       0x87 ./Peripheral/src/ch32v30x_dbgmcu.o
                                        0x63b (size before relaxing)
 .debug_str     0x0000000000002ead      0x26e ./Peripheral/src/ch32v30x_gpio.o
                                        0x9a5 (size before relaxing)
 .debug_str     0x000000000000311b       0x9c ./Peripheral/src/ch32v30x_misc.o
                                        0xcae (size before relaxing)
 .debug_str     0x00000000000031b7      0x531 ./Peripheral/src/ch32v30x_rcc.o
                                        0xcd4 (size before relaxing)
 .debug_str     0x00000000000036e8      0x9fb ./Peripheral/src/ch32v30x_tim.o
                                       0x1283 (size before relaxing)
 .debug_str     0x00000000000040e3      0x2f1 ./Peripheral/src/ch32v30x_usart.o
                                        0xaef (size before relaxing)
 .debug_str     0x00000000000043d4       0x6b ./Debug/debug.o
                                        0x92d (size before relaxing)

.comment        0x0000000000000000       0x33
 .comment       0x0000000000000000       0x33 ./User/USB_Host/app_km.o
                                         0x34 (size before relaxing)
 .comment       0x0000000000000033       0x34 ./User/USB_Host/ch32v30x_usbfs_host.o
 .comment       0x0000000000000033       0x34 ./User/USB_Host/usb_host_hid.o
 .comment       0x0000000000000033       0x34 ./User/USB_Host/usb_host_hub.o
 .comment       0x0000000000000033       0x34 ./User/ch32v30x_it.o
 .comment       0x0000000000000033       0x34 ./User/main.o
 .comment       0x0000000000000033       0x34 ./User/submouse_serial.o
 .comment       0x0000000000000033       0x34 ./User/system_ch32v30x.o
 .comment       0x0000000000000033       0x34 ./User/usbd_hs_mouse.o
 .comment       0x0000000000000033       0x34 ./Peripheral/src/ch32v30x_dbgmcu.o
 .comment       0x0000000000000033       0x34 ./Peripheral/src/ch32v30x_gpio.o
 .comment       0x0000000000000033       0x34 ./Peripheral/src/ch32v30x_misc.o
 .comment       0x0000000000000033       0x34 ./Peripheral/src/ch32v30x_rcc.o
 .comment       0x0000000000000033       0x34 ./Peripheral/src/ch32v30x_tim.o
 .comment       0x0000000000000033       0x34 ./Peripheral/src/ch32v30x_usart.o
 .comment       0x0000000000000033       0x34 ./Debug/debug.o

.debug_frame    0x0000000000000000     0x22a8
 .debug_frame   0x0000000000000000      0x598 ./User/USB_Host/app_km.o
 .debug_frame   0x0000000000000598      0x2ac ./User/USB_Host/ch32v30x_usbfs_host.o
 .debug_frame   0x0000000000000844       0x64 ./User/USB_Host/usb_host_hid.o
 .debug_frame   0x00000000000008a8       0x94 ./User/USB_Host/usb_host_hub.o
 .debug_frame   0x000000000000093c       0x30 ./User/ch32v30x_it.o
 .debug_frame   0x000000000000096c       0x34 ./User/main.o
 .debug_frame   0x00000000000009a0       0xd4 ./User/submouse_serial.o
 .debug_frame   0x0000000000000a74       0x3c ./User/system_ch32v30x.o
 .debug_frame   0x0000000000000ab0       0xbc ./User/usbd_hs_mouse.o
 .debug_frame   0x0000000000000b6c       0x70 ./Peripheral/src/ch32v30x_dbgmcu.o
 .debug_frame   0x0000000000000bdc      0x174 ./Peripheral/src/ch32v30x_gpio.o
 .debug_frame   0x0000000000000d50       0x30 ./Peripheral/src/ch32v30x_misc.o
 .debug_frame   0x0000000000000d80      0x344 ./Peripheral/src/ch32v30x_rcc.o
 .debug_frame   0x00000000000010c4      0x614 ./Peripheral/src/ch32v30x_tim.o
 .debug_frame   0x00000000000016d8      0x1e4 ./Peripheral/src/ch32v30x_usart.o
 .debug_frame   0x00000000000018bc       0xb8 ./Debug/debug.o
 .debug_frame   0x0000000000001974       0x20 d:/mounriver/mounriver_studio2/resources/app/resources/win32/components/wch/toolchain/risc-v embedded gcc/bin/../lib/gcc/riscv-none-embed/8.2.0/../../../../riscv-none-embed/lib/rv32imacxw/ilp32\libg_nano.a(lib_a-memchr.o)
 .debug_frame   0x0000000000001994       0x20 d:/mounriver/mounriver_studio2/resources/app/resources/win32/components/wch/toolchain/risc-v embedded gcc/bin/../lib/gcc/riscv-none-embed/8.2.0/../../../../riscv-none-embed/lib/rv32imacxw/ilp32\libg_nano.a(lib_a-memcpy.o)
 .debug_frame   0x00000000000019b4       0x54 d:/mounriver/mounriver_studio2/resources/app/resources/win32/components/wch/toolchain/risc-v embedded gcc/bin/../lib/gcc/riscv-none-embed/8.2.0/../../../../riscv-none-embed/lib/rv32imacxw/ilp32\libg_nano.a(lib_a-printf.o)
 .debug_frame   0x0000000000001a08       0x54 d:/mounriver/mounriver_studio2/resources/app/resources/win32/components/wch/toolchain/risc-v embedded gcc/bin/../lib/gcc/riscv-none-embed/8.2.0/../../../../riscv-none-embed/lib/rv32imacxw/ilp32\libg_nano.a(lib_a-puts.o)
 .debug_frame   0x0000000000001a5c       0x50 d:/mounriver/mounriver_studio2/resources/app/resources/win32/components/wch/toolchain/risc-v embedded gcc/bin/../lib/gcc/riscv-none-embed/8.2.0/../../../../riscv-none-embed/lib/rv32imacxw/ilp32\libg_nano.a(lib_a-wbuf.o)
 .debug_frame   0x0000000000001aac       0x3c d:/mounriver/mounriver_studio2/resources/app/resources/win32/components/wch/toolchain/risc-v embedded gcc/bin/../lib/gcc/riscv-none-embed/8.2.0/../../../../riscv-none-embed/lib/rv32imacxw/ilp32\libg_nano.a(lib_a-wsetup.o)
 .debug_frame   0x0000000000001ae8       0x7c d:/mounriver/mounriver_studio2/resources/app/resources/win32/components/wch/toolchain/risc-v embedded gcc/bin/../lib/gcc/riscv-none-embed/8.2.0/../../../../riscv-none-embed/lib/rv32imacxw/ilp32\libg_nano.a(lib_a-fflush.o)
 .debug_frame   0x0000000000001b64      0x148 d:/mounriver/mounriver_studio2/resources/app/resources/win32/components/wch/toolchain/risc-v embedded gcc/bin/../lib/gcc/riscv-none-embed/8.2.0/../../../../riscv-none-embed/lib/rv32imacxw/ilp32\libg_nano.a(lib_a-findfp.o)
 .debug_frame   0x0000000000001cac       0x88 d:/mounriver/mounriver_studio2/resources/app/resources/win32/components/wch/toolchain/risc-v embedded gcc/bin/../lib/gcc/riscv-none-embed/8.2.0/../../../../riscv-none-embed/lib/rv32imacxw/ilp32\libg_nano.a(lib_a-fwalk.o)
 .debug_frame   0x0000000000001d34       0x64 d:/mounriver/mounriver_studio2/resources/app/resources/win32/components/wch/toolchain/risc-v embedded gcc/bin/../lib/gcc/riscv-none-embed/8.2.0/../../../../riscv-none-embed/lib/rv32imacxw/ilp32\libg_nano.a(lib_a-makebuf.o)
 .debug_frame   0x0000000000001d98       0x40 d:/mounriver/mounriver_studio2/resources/app/resources/win32/components/wch/toolchain/risc-v embedded gcc/bin/../lib/gcc/riscv-none-embed/8.2.0/../../../../riscv-none-embed/lib/rv32imacxw/ilp32\libg_nano.a(lib_a-nano-freer.o)
 .debug_frame   0x0000000000001dd8       0x40 d:/mounriver/mounriver_studio2/resources/app/resources/win32/components/wch/toolchain/risc-v embedded gcc/bin/../lib/gcc/riscv-none-embed/8.2.0/../../../../riscv-none-embed/lib/rv32imacxw/ilp32\libg_nano.a(lib_a-nano-mallocr.o)
 .debug_frame   0x0000000000001e18       0xd0 d:/mounriver/mounriver_studio2/resources/app/resources/win32/components/wch/toolchain/risc-v embedded gcc/bin/../lib/gcc/riscv-none-embed/8.2.0/../../../../riscv-none-embed/lib/rv32imacxw/ilp32\libg_nano.a(lib_a-nano-vfprintf.o)
 .debug_frame   0x0000000000001ee8       0x8c d:/mounriver/mounriver_studio2/resources/app/resources/win32/components/wch/toolchain/risc-v embedded gcc/bin/../lib/gcc/riscv-none-embed/8.2.0/../../../../riscv-none-embed/lib/rv32imacxw/ilp32\libg_nano.a(lib_a-nano-vfprintf_i.o)
 .debug_frame   0x0000000000001f74       0x30 d:/mounriver/mounriver_studio2/resources/app/resources/win32/components/wch/toolchain/risc-v embedded gcc/bin/../lib/gcc/riscv-none-embed/8.2.0/../../../../riscv-none-embed/lib/rv32imacxw/ilp32\libg_nano.a(lib_a-sbrkr.o)
 .debug_frame   0x0000000000001fa4       0xa4 d:/mounriver/mounriver_studio2/resources/app/resources/win32/components/wch/toolchain/risc-v embedded gcc/bin/../lib/gcc/riscv-none-embed/8.2.0/../../../../riscv-none-embed/lib/rv32imacxw/ilp32\libg_nano.a(lib_a-stdio.o)
 .debug_frame   0x0000000000002048       0x30 d:/mounriver/mounriver_studio2/resources/app/resources/win32/components/wch/toolchain/risc-v embedded gcc/bin/../lib/gcc/riscv-none-embed/8.2.0/../../../../riscv-none-embed/lib/rv32imacxw/ilp32\libg_nano.a(lib_a-writer.o)
 .debug_frame   0x0000000000002078       0x30 d:/mounriver/mounriver_studio2/resources/app/resources/win32/components/wch/toolchain/risc-v embedded gcc/bin/../lib/gcc/riscv-none-embed/8.2.0/../../../../riscv-none-embed/lib/rv32imacxw/ilp32\libg_nano.a(lib_a-closer.o)
 .debug_frame   0x00000000000020a8       0x30 d:/mounriver/mounriver_studio2/resources/app/resources/win32/components/wch/toolchain/risc-v embedded gcc/bin/../lib/gcc/riscv-none-embed/8.2.0/../../../../riscv-none-embed/lib/rv32imacxw/ilp32\libg_nano.a(lib_a-fstatr.o)
 .debug_frame   0x00000000000020d8       0x30 d:/mounriver/mounriver_studio2/resources/app/resources/win32/components/wch/toolchain/risc-v embedded gcc/bin/../lib/gcc/riscv-none-embed/8.2.0/../../../../riscv-none-embed/lib/rv32imacxw/ilp32\libg_nano.a(lib_a-isattyr.o)
 .debug_frame   0x0000000000002108       0x30 d:/mounriver/mounriver_studio2/resources/app/resources/win32/components/wch/toolchain/risc-v embedded gcc/bin/../lib/gcc/riscv-none-embed/8.2.0/../../../../riscv-none-embed/lib/rv32imacxw/ilp32\libg_nano.a(lib_a-lseekr.o)
 .debug_frame   0x0000000000002138       0x30 d:/mounriver/mounriver_studio2/resources/app/resources/win32/components/wch/toolchain/risc-v embedded gcc/bin/../lib/gcc/riscv-none-embed/8.2.0/../../../../riscv-none-embed/lib/rv32imacxw/ilp32\libg_nano.a(lib_a-mlock.o)
 .debug_frame   0x0000000000002168       0x30 d:/mounriver/mounriver_studio2/resources/app/resources/win32/components/wch/toolchain/risc-v embedded gcc/bin/../lib/gcc/riscv-none-embed/8.2.0/../../../../riscv-none-embed/lib/rv32imacxw/ilp32\libg_nano.a(lib_a-readr.o)
 .debug_frame   0x0000000000002198       0x70 d:/mounriver/mounriver_studio2/resources/app/resources/win32/components/wch/toolchain/risc-v embedded gcc/bin/../lib/gcc/riscv-none-embed/8.2.0/../../../../riscv-none-embed/lib/rv32imacxw/ilp32\libg_nano.a(lib_a-reent.o)
 .debug_frame   0x0000000000002208       0x20 d:/mounriver/mounriver_studio2/resources/app/resources/win32/components/wch/toolchain/risc-v embedded gcc/bin/../lib/gcc/riscv-none-embed/8.2.0/../../../../riscv-none-embed/lib/rv32imacxw/ilp32\libnosys.a(close.o)
 .debug_frame   0x0000000000002228       0x20 d:/mounriver/mounriver_studio2/resources/app/resources/win32/components/wch/toolchain/risc-v embedded gcc/bin/../lib/gcc/riscv-none-embed/8.2.0/../../../../riscv-none-embed/lib/rv32imacxw/ilp32\libnosys.a(fstat.o)
 .debug_frame   0x0000000000002248       0x20 d:/mounriver/mounriver_studio2/resources/app/resources/win32/components/wch/toolchain/risc-v embedded gcc/bin/../lib/gcc/riscv-none-embed/8.2.0/../../../../riscv-none-embed/lib/rv32imacxw/ilp32\libnosys.a(isatty.o)
 .debug_frame   0x0000000000002268       0x20 d:/mounriver/mounriver_studio2/resources/app/resources/win32/components/wch/toolchain/risc-v embedded gcc/bin/../lib/gcc/riscv-none-embed/8.2.0/../../../../riscv-none-embed/lib/rv32imacxw/ilp32\libnosys.a(lseek.o)
 .debug_frame   0x0000000000002288       0x20 d:/mounriver/mounriver_studio2/resources/app/resources/win32/components/wch/toolchain/risc-v embedded gcc/bin/../lib/gcc/riscv-none-embed/8.2.0/../../../../riscv-none-embed/lib/rv32imacxw/ilp32\libnosys.a(read.o)

.stab           0x0000000000000000       0x84
 .stab          0x0000000000000000       0x24 d:/mounriver/mounriver_studio2/resources/app/resources/win32/components/wch/toolchain/risc-v embedded gcc/bin/../lib/gcc/riscv-none-embed/8.2.0/../../../../riscv-none-embed/lib/rv32imacxw/ilp32\libnosys.a(close.o)
 .stab          0x0000000000000024       0x18 d:/mounriver/mounriver_studio2/resources/app/resources/win32/components/wch/toolchain/risc-v embedded gcc/bin/../lib/gcc/riscv-none-embed/8.2.0/../../../../riscv-none-embed/lib/rv32imacxw/ilp32\libnosys.a(fstat.o)
                                         0x24 (size before relaxing)
 .stab          0x000000000000003c       0x18 d:/mounriver/mounriver_studio2/resources/app/resources/win32/components/wch/toolchain/risc-v embedded gcc/bin/../lib/gcc/riscv-none-embed/8.2.0/../../../../riscv-none-embed/lib/rv32imacxw/ilp32\libnosys.a(isatty.o)
                                         0x24 (size before relaxing)
 .stab          0x0000000000000054       0x18 d:/mounriver/mounriver_studio2/resources/app/resources/win32/components/wch/toolchain/risc-v embedded gcc/bin/../lib/gcc/riscv-none-embed/8.2.0/../../../../riscv-none-embed/lib/rv32imacxw/ilp32\libnosys.a(lseek.o)
                                         0x24 (size before relaxing)
 .stab          0x000000000000006c       0x18 d:/mounriver/mounriver_studio2/resources/app/resources/win32/components/wch/toolchain/risc-v embedded gcc/bin/../lib/gcc/riscv-none-embed/8.2.0/../../../../riscv-none-embed/lib/rv32imacxw/ilp32\libnosys.a(read.o)
                                         0x24 (size before relaxing)

.stabstr        0x0000000000000000      0x117
 .stabstr       0x0000000000000000      0x117 d:/mounriver/mounriver_studio2/resources/app/resources/win32/components/wch/toolchain/risc-v embedded gcc/bin/../lib/gcc/riscv-none-embed/8.2.0/../../../../riscv-none-embed/lib/rv32imacxw/ilp32\libnosys.a(close.o)
